Archive member included to satisfy reference by file (symbol)

c:/st/stm32cubeide_1.4.0/stm32cubeide/plugins/com.st.stm32cube.ide.mcu.externaltools.gnu-tools-for-stm32.7-2018-q2-update.win32_1.4.0.202007081208/tools/bin/../lib/gcc/arm-none-eabi/7.3.1/../../../../arm-none-eabi/lib/thumb/v7e-m/fpv4-sp/hard\libc_nano.a(lib_a-errno.o)
                              Core/Src/syscalls.o (__errno)
c:/st/stm32cubeide_1.4.0/stm32cubeide/plugins/com.st.stm32cube.ide.mcu.externaltools.gnu-tools-for-stm32.7-2018-q2-update.win32_1.4.0.202007081208/tools/bin/../lib/gcc/arm-none-eabi/7.3.1/../../../../arm-none-eabi/lib/thumb/v7e-m/fpv4-sp/hard\libc_nano.a(lib_a-exit.o)
                              c:/st/stm32cubeide_1.4.0/stm32cubeide/plugins/com.st.stm32cube.ide.mcu.externaltools.gnu-tools-for-stm32.7-2018-q2-update.win32_1.4.0.202007081208/tools/bin/../lib/gcc/arm-none-eabi/7.3.1/../../../../arm-none-eabi/lib/thumb/v7e-m/fpv4-sp/hard/crt0.o (exit)
c:/st/stm32cubeide_1.4.0/stm32cubeide/plugins/com.st.stm32cube.ide.mcu.externaltools.gnu-tools-for-stm32.7-2018-q2-update.win32_1.4.0.202007081208/tools/bin/../lib/gcc/arm-none-eabi/7.3.1/../../../../arm-none-eabi/lib/thumb/v7e-m/fpv4-sp/hard\libc_nano.a(lib_a-impure.o)
                              c:/st/stm32cubeide_1.4.0/stm32cubeide/plugins/com.st.stm32cube.ide.mcu.externaltools.gnu-tools-for-stm32.7-2018-q2-update.win32_1.4.0.202007081208/tools/bin/../lib/gcc/arm-none-eabi/7.3.1/../../../../arm-none-eabi/lib/thumb/v7e-m/fpv4-sp/hard\libc_nano.a(lib_a-exit.o) (_global_impure_ptr)
c:/st/stm32cubeide_1.4.0/stm32cubeide/plugins/com.st.stm32cube.ide.mcu.externaltools.gnu-tools-for-stm32.7-2018-q2-update.win32_1.4.0.202007081208/tools/bin/../lib/gcc/arm-none-eabi/7.3.1/../../../../arm-none-eabi/lib/thumb/v7e-m/fpv4-sp/hard\libc_nano.a(lib_a-init.o)
                              c:/st/stm32cubeide_1.4.0/stm32cubeide/plugins/com.st.stm32cube.ide.mcu.externaltools.gnu-tools-for-stm32.7-2018-q2-update.win32_1.4.0.202007081208/tools/bin/../lib/gcc/arm-none-eabi/7.3.1/../../../../arm-none-eabi/lib/thumb/v7e-m/fpv4-sp/hard/crt0.o (__libc_init_array)
c:/st/stm32cubeide_1.4.0/stm32cubeide/plugins/com.st.stm32cube.ide.mcu.externaltools.gnu-tools-for-stm32.7-2018-q2-update.win32_1.4.0.202007081208/tools/bin/../lib/gcc/arm-none-eabi/7.3.1/../../../../arm-none-eabi/lib/thumb/v7e-m/fpv4-sp/hard\libc_nano.a(lib_a-memcpy-stub.o)
                              Core/Src/lcd.o (memcpy)
c:/st/stm32cubeide_1.4.0/stm32cubeide/plugins/com.st.stm32cube.ide.mcu.externaltools.gnu-tools-for-stm32.7-2018-q2-update.win32_1.4.0.202007081208/tools/bin/../lib/gcc/arm-none-eabi/7.3.1/../../../../arm-none-eabi/lib/thumb/v7e-m/fpv4-sp/hard\libc_nano.a(lib_a-memset.o)
                              c:/st/stm32cubeide_1.4.0/stm32cubeide/plugins/com.st.stm32cube.ide.mcu.externaltools.gnu-tools-for-stm32.7-2018-q2-update.win32_1.4.0.202007081208/tools/bin/../lib/gcc/arm-none-eabi/7.3.1/../../../../arm-none-eabi/lib/thumb/v7e-m/fpv4-sp/hard/crt0.o (memset)
c:/st/stm32cubeide_1.4.0/stm32cubeide/plugins/com.st.stm32cube.ide.mcu.externaltools.gnu-tools-for-stm32.7-2018-q2-update.win32_1.4.0.202007081208/tools/bin/../lib/gcc/arm-none-eabi/7.3.1/../../../../arm-none-eabi/lib/thumb/v7e-m/fpv4-sp/hard\libc_nano.a(lib_a-strlen.o)
                              Core/Src/lcd.o (strlen)
c:/st/stm32cubeide_1.4.0/stm32cubeide/plugins/com.st.stm32cube.ide.mcu.externaltools.gnu-tools-for-stm32.7-2018-q2-update.win32_1.4.0.202007081208/tools/bin/../lib/gcc/arm-none-eabi/7.3.1/thumb/v7e-m/fpv4-sp/hard\libgcc.a(_arm_addsubsf3.o)
                              Core/Src/hcSensor.o (__aeabi_ul2f)
c:/st/stm32cubeide_1.4.0/stm32cubeide/plugins/com.st.stm32cube.ide.mcu.externaltools.gnu-tools-for-stm32.7-2018-q2-update.win32_1.4.0.202007081208/tools/bin/../lib/gcc/arm-none-eabi/7.3.1/thumb/v7e-m/fpv4-sp/hard\libgcc.a(_aeabi_uldivmod.o)
                              Drivers/STM32L4xx_HAL_Driver/Src/stm32l4xx_hal_uart.o (__aeabi_uldivmod)
c:/st/stm32cubeide_1.4.0/stm32cubeide/plugins/com.st.stm32cube.ide.mcu.externaltools.gnu-tools-for-stm32.7-2018-q2-update.win32_1.4.0.202007081208/tools/bin/../lib/gcc/arm-none-eabi/7.3.1/thumb/v7e-m/fpv4-sp/hard\libgcc.a(_fixunssfdi.o)
                              Core/Src/hcSensor.o (__aeabi_f2ulz)
c:/st/stm32cubeide_1.4.0/stm32cubeide/plugins/com.st.stm32cube.ide.mcu.externaltools.gnu-tools-for-stm32.7-2018-q2-update.win32_1.4.0.202007081208/tools/bin/../lib/gcc/arm-none-eabi/7.3.1/thumb/v7e-m/fpv4-sp/hard\libgcc.a(_udivmoddi4.o)
                              c:/st/stm32cubeide_1.4.0/stm32cubeide/plugins/com.st.stm32cube.ide.mcu.externaltools.gnu-tools-for-stm32.7-2018-q2-update.win32_1.4.0.202007081208/tools/bin/../lib/gcc/arm-none-eabi/7.3.1/thumb/v7e-m/fpv4-sp/hard\libgcc.a(_aeabi_uldivmod.o) (__udivmoddi4)
[...]
Memory Configuration

Name             Origin             Length             Attributes
RAM              0x0000000020000000 0x00000000000a0000 xrw
FLASH            0x0000000008000000 0x0000000000200000 xr
*default*        0x0000000000000000 0xffffffffffffffff

Linker script and memory map

LOAD c:/st/stm32cubeide_1.4.0/stm32cubeide/plugins/com.st.stm32cube.ide.mcu.externaltools.gnu-tools-for-stm32.7-2018-q2-update.win32_1.4.0.202007081208/tools/bin/../lib/gcc/arm-none-eabi/7.3.1/thumb/v7e-m/fpv4-sp/hard/crti.o
LOAD c:/st/stm32cubeide_1.4.0/stm32cubeide/plugins/com.st.stm32cube.ide.mcu.externaltools.gnu-tools-for-stm32.7-2018-q2-update.win32_1.4.0.202007081208/tools/bin/../lib/gcc/arm-none-eabi/7.3.1/thumb/v7e-m/fpv4-sp/hard/crtbegin.o
LOAD c:/st/stm32cubeide_1.4.0/stm32cubeide/plugins/com.st.stm32cube.ide.mcu.externaltools.gnu-tools-for-stm32.7-2018-q2-update.win32_1.4.0.202007081208/tools/bin/../lib/gcc/arm-none-eabi/7.3.1/../../../../arm-none-eabi/lib/thumb/v7e-m/fpv4-sp/hard/crt0.o
LOAD Core/Src/freertos.o
LOAD Core/Src/hcSensor.o
LOAD Core/Src/lcd.o
LOAD Core/Src/main.o
LOAD Core/Src/stm32l4xx_hal_msp.o
LOAD Core/Src/stm32l4xx_hal_timebase_tim.o
LOAD Core/Src/stm32l4xx_it.o
LOAD Core/Src/syscalls.o
LOAD Core/Src/sysmem.o
LOAD Core/Src/system_stm32l4xx.o
LOAD Core/Startup/startup_stm32l4r5zitx.o
LOAD Drivers/STM32L4xx_HAL_Driver/Src/stm32l4xx_hal.o
LOAD Drivers/STM32L4xx_HAL_Driver/Src/stm32l4xx_hal_cortex.o
LOAD Drivers/STM32L4xx_HAL_Driver/Src/stm32l4xx_hal_dma.o
LOAD Drivers/STM32L4xx_HAL_Driver/Src/stm32l4xx_hal_dma_ex.o
LOAD Drivers/STM32L4xx_HAL_Driver/Src/stm32l4xx_hal_exti.o
LOAD Drivers/STM32L4xx_HAL_Driver/Src/stm32l4xx_hal_flash.o
LOAD Drivers/STM32L4xx_HAL_Driver/Src/stm32l4xx_hal_flash_ex.o
LOAD Drivers/STM32L4xx_HAL_Driver/Src/stm32l4xx_hal_flash_ramfunc.o
LOAD Drivers/STM32L4xx_HAL_Driver/Src/stm32l4xx_hal_gpio.o
LOAD Drivers/STM32L4xx_HAL_Driver/Src/stm32l4xx_hal_i2c.o
LOAD Drivers/STM32L4xx_HAL_Driver/Src/stm32l4xx_hal_i2c_ex.o
LOAD Drivers/STM32L4xx_HAL_Driver/Src/stm32l4xx_hal_pcd.o
LOAD Drivers/STM32L4xx_HAL_Driver/Src/stm32l4xx_hal_pcd_ex.o
LOAD Drivers/STM32L4xx_HAL_Driver/Src/stm32l4xx_hal_pwr.o
LOAD Drivers/STM32L4xx_HAL_Driver/Src/stm32l4xx_hal_pwr_ex.o
LOAD Drivers/STM32L4xx_HAL_Driver/Src/stm32l4xx_hal_rcc.o
LOAD Drivers/STM32L4xx_HAL_Driver/Src/stm32l4xx_hal_rcc_ex.o
LOAD Drivers/STM32L4xx_HAL_Driver/Src/stm32l4xx_hal_spi.o
LOAD Drivers/STM32L4xx_HAL_Driver/Src/stm32l4xx_hal_spi_ex.o
LOAD Drivers/STM32L4xx_HAL_Driver/Src/stm32l4xx_hal_tim.o
LOAD Drivers/STM32L4xx_HAL_Driver/Src/stm32l4xx_hal_tim_ex.o
LOAD Drivers/STM32L4xx_HAL_Driver/Src/stm32l4xx_hal_uart.o
LOAD Drivers/STM32L4xx_HAL_Driver/Src/stm32l4xx_hal_uart_ex.o
LOAD Drivers/STM32L4xx_HAL_Driver/Src/stm32l4xx_ll_usb.o
LOAD Middlewares/Third_Party/FreeRTOS/Source/CMSIS_RTOS_V2/cmsis_os2.o
LOAD Middlewares/Third_Party/FreeRTOS/Source/croutine.o
LOAD Middlewares/Third_Party/FreeRTOS/Source/event_groups.o
LOAD Middlewares/Third_Party/FreeRTOS/Source/list.o
LOAD Middlewares/Third_Party/FreeRTOS/Source/queue.o
LOAD Middlewares/Third_Party/FreeRTOS/Source/stream_buffer.o
LOAD Middlewares/Third_Party/FreeRTOS/Source/tasks.o
LOAD Middlewares/Third_Party/FreeRTOS/Source/timers.o
LOAD Middlewares/Third_Party/FreeRTOS/Source/portable/GCC/ARM_CM4F/port.o
LOAD Middlewares/Third_Party/FreeRTOS/Source/portable/MemMang/heap_4.o
START GROUP
LOAD c:/st/stm32cubeide_1.4.0/stm32cubeide/plugins/com.st.stm32cube.ide.mcu.externaltools.gnu-tools-for-stm32.7-2018-q2-update.win32_1.4.0.202007081208/tools/bin/../lib/gcc/arm-none-eabi/7.3.1/../../../../arm-none-eabi/lib/thumb/v7e-m/fpv4-sp/hard\libc_nano.a
LOAD c:/st/stm32cubeide_1.4.0/stm32cubeide/plugins/com.st.stm32cube.ide.mcu.externaltools.gnu-tools-for-stm32.7-2018-q2-update.win32_1.4.0.202007081208/tools/bin/../lib/gcc/arm-none-eabi/7.3.1/../../../../arm-none-eabi/lib/thumb/v7e-m/fpv4-sp/hard\libm.a
END GROUP
START GROUP
LOAD c:/st/stm32cubeide_1.4.0/stm32cubeide/plugins/com.st.stm32cube.ide.mcu.externaltools.gnu-tools-for-stm32.7-2018-q2-update.win32_1.4.0.202007081208/tools/bin/../lib/gcc/arm-none-eabi/7.3.1/thumb/v7e-m/fpv4-sp/hard\libgcc.a
LOAD c:/st/stm32cubeide_1.4.0/stm32cubeide/plugins/com.st.stm32cube.ide.mcu.externaltools.gnu-tools-for-stm32.7-2018-q2-update.win32_1.4.0.202007081208/tools/bin/../lib/gcc/arm-none-eabi/7.3.1/../../../../arm-none-eabi/lib/thumb/v7e-m/fpv4-sp/hard\libc_nano.a
END GROUP
START GROUP
LOAD c:/st/stm32cubeide_1.4.0/stm32cubeide/plugins/com.st.stm32cube.ide.mcu.externaltools.gnu-tools-for-stm32.7-2018-q2-update.win32_1.4.0.202007081208/tools/bin/../lib/gcc/arm-none-eabi/7.3.1/thumb/v7e-m/fpv4-sp/hard\libgcc.a
LOAD c:/st/stm32cubeide_1.4.0/stm32cubeide/plugins/com.st.stm32cube.ide.mcu.externaltools.gnu-tools-for-stm32.7-2018-q2-update.win32_1.4.0.202007081208/tools/bin/../lib/gcc/arm-none-eabi/7.3.1/../../../../arm-none-eabi/lib/thumb/v7e-m/fpv4-sp/hard\libc_nano.a
LOAD c:/st/stm32cubeide_1.4.0/stm32cubeide/plugins/com.st.stm32cube.ide.mcu.externaltools.gnu-tools-for-stm32.7-2018-q2-update.win32_1.4.0.202007081208/tools/bin/../lib/gcc/arm-none-eabi/7.3.1/../../../../arm-none-eabi/lib/thumb/v7e-m/fpv4-sp/hard\libnosys.a
END GROUP
START GROUP
LOAD c:/st/stm32cubeide_1.4.0/stm32cubeide/plugins/com.st.stm32cube.ide.mcu.externaltools.gnu-tools-for-stm32.7-2018-q2-update.win32_1.4.0.202007081208/tools/bin/../lib/gcc/arm-none-eabi/7.3.1/thumb/v7e-m/fpv4-sp/hard\libgcc.a
LOAD c:/st/stm32cubeide_1.4.0/stm32cubeide/plugins/com.st.stm32cube.ide.mcu.externaltools.gnu-tools-for-stm32.7-2018-q2-update.win32_1.4.0.202007081208/tools/bin/../lib/gcc/arm-none-eabi/7.3.1/../../../../arm-none-eabi/lib/thumb/v7e-m/fpv4-sp/hard\libc_nano.a
LOAD c:/st/stm32cubeide_1.4.0/stm32cubeide/plugins/com.st.stm32cube.ide.mcu.externaltools.gnu-tools-for-stm32.7-2018-q2-update.win32_1.4.0.202007081208/tools/bin/../lib/gcc/arm-none-eabi/7.3.1/../../../../arm-none-eabi/lib/thumb/v7e-m/fpv4-sp/hard\libnosys.a
END GROUP
LOAD c:/st/stm32cubeide_1.4.0/stm32cubeide/plugins/com.st.stm32cube.ide.mcu.externaltools.gnu-tools-for-stm32.7-2018-q2-update.win32_1.4.0.202007081208/tools/bin/../lib/gcc/arm-none-eabi/7.3.1/thumb/v7e-m/fpv4-sp/hard/crtend.o
LOAD c:/st/stm32cubeide_1.4.0/stm32cubeide/plugins/com.st.stm32cube.ide.mcu.externaltools.gnu-tools-for-stm32.7-2018-q2-update.win32_1.4.0.202007081208/tools/bin/../lib/gcc/arm-none-eabi/7.3.1/thumb/v7e-m/fpv4-sp/hard/crtn.o
                0x00000000200a0000                _estack = (ORIGIN (RAM) + LENGTH (RAM))
                0x0000000000000200                _Min_Heap_Size = 0x200
                0x0000000000000400                _Min_Stack_Size = 0x400

.isr_vector     0x0000000008000000      0x1bc
                0x0000000008000000                . = ALIGN (0x4)
 *(.isr_vector)
 .isr_vector    0x0000000008000000      0x1bc Core/Startup/startup_stm32l4r5zitx.o
                0x0000000008000000                g_pfnVectors
                0x00000000080001bc                . = ALIGN (0x4)

.text           0x00000000080001c0     0x9e34
                0x00000000080001c0                . = ALIGN (0x4)
 *(.text)
 .text          0x00000000080001c0       0x40 c:/st/stm32cubeide_1.4.0/stm32cubeide/plugins/com.st.stm32cube.ide.mcu.externaltools.gnu-tools-for-stm32.7-2018-q2-update.win32_1.4.0.202007081208/tools/bin/../lib/gcc/arm-none-eabi/7.3.1/thumb/v7e-m/fpv4-sp/hard/crtbegin.o
 .text          0x0000000008000200       0x10 c:/st/stm32cubeide_1.4.0/stm32cubeide/plugins/com.st.stm32cube.ide.mcu.externaltools.gnu-tools-for-stm32.7-2018-q2-update.win32_1.4.0.202007081208/tools/bin/../lib/gcc/arm-none-eabi/7.3.1/../../../../arm-none-eabi/lib/thumb/v7e-m/fpv4-sp/hard\libc_nano.a(lib_a-strlen.o)
                0x0000000008000200                strlen
 .text          0x0000000008000210      0x21c c:/st/stm32cubeide_1.4.0/stm32cubeide/plugins/com.st.stm32cube.ide.mcu.externaltools.gnu-tools-for-stm32.7-2018-q2-update.win32_1.4.0.202007081208/tools/bin/../lib/gcc/arm-none-eabi/7.3.1/thumb/v7e-m/fpv4-sp/hard\libgcc.a(_arm_addsubsf3.o)
                0x0000000008000210                __aeabi_frsub
                0x0000000008000218                __subsf3
                0x0000000008000218                __aeabi_fsub
                0x000000000800021c                __aeabi_fadd
                0x000000000800021c                __addsf3
                0x000000000800037c                __aeabi_ui2f
                0x000000000800037c                __floatunsisf
                0x0000000008000384                __aeabi_i2f
                0x0000000008000384                __floatsisf
                0x00000000080003a0                __aeabi_ul2f
                0x00000000080003a0                __floatundisf
                0x00000000080003b0                __aeabi_l2f
                0x00000000080003b0                __floatdisf
 .text          0x000000000800042c       0x30 c:/st/stm32cubeide_1.4.0/stm32cubeide/plugins/com.st.stm32cube.ide.mcu.externaltools.gnu-tools-for-stm32.7-2018-q2-update.win32_1.4.0.202007081208/tools/bin/../lib/gcc/arm-none-eabi/7.3.1/thumb/v7e-m/fpv4-sp/hard\libgcc.a(_aeabi_uldivmod.o)
                0x000000000800042c                __aeabi_uldivmod
 .text          0x000000000800045c       0x48 c:/st/stm32cubeide_1.4.0/stm32cubeide/plugins/com.st.stm32cube.ide.mcu.externaltools.gnu-tools-for-stm32.7-2018-q2-update.win32_1.4.0.202007081208/tools/bin/../lib/gcc/arm-none-eabi/7.3.1/thumb/v7e-m/fpv4-sp/hard\libgcc.a(_fixunssfdi.o)
                0x000000000800045c                __fixunssfdi
                0x000000000800045c                __aeabi_f2ulz
 .text          0x00000000080004a4      0x2cc c:/st/stm32cubeide_1.4.0/stm32cubeide/plugins/com.st.stm32cube.ide.mcu.externaltools.gnu-tools-for-stm32.7-2018-q2-update.win32_1.4.0.202007081208/tools/bin/../lib/gcc/arm-none-eabi/7.3.1/thumb/v7e-m/fpv4-sp/hard\libgcc.a(_udivmoddi4.o)
                0x00000000080004a4                __udivmoddi4
 .text          0x0000000008000770        0x4 c:/st/stm32cubeide_1.4.0/stm32cubeide/plugins/com.st.stm32cube.ide.mcu.externaltools.gnu-tools-for-stm32.7-2018-q2-update.win32_1.4.0.202007081208/tools/bin/../lib/gcc/arm-none-eabi/7.3.1/thumb/v7e-m/fpv4-sp/hard\libgcc.a(_dvmd_tls.o)
                0x0000000008000770                __aeabi_idiv0
                0x0000000008000770                __aeabi_ldiv0
 .text          0x0000000008000774      0x378 c:/st/stm32cubeide_1.4.0/stm32cubeide/plugins/com.st.stm32cube.ide.mcu.externaltools.gnu-tools-for-stm32.7-2018-q2-update.win32_1.4.0.202007081208/tools/bin/../lib/gcc/arm-none-eabi/7.3.1/thumb/v7e-m/fpv4-sp/hard\libgcc.a(_arm_addsubdf3.o)
                0x0000000008000774                __aeabi_drsub
                0x000000000800077c                __aeabi_dsub
                0x000000000800077c                __subdf3
                0x0000000008000780                __aeabi_dadd
                0x0000000008000780                __adddf3
                0x00000000080009f8                __floatunsidf
                0x00000000080009f8                __aeabi_ui2d
                0x0000000008000a18                __floatsidf
                0x0000000008000a18                __aeabi_i2d
                0x0000000008000a3c                __aeabi_f2d
                0x0000000008000a3c                __extendsfdf2
                0x0000000008000a80                __floatundidf
                0x0000000008000a80                __aeabi_ul2d
                0x0000000008000a90                __floatdidf
                0x0000000008000a90                __aeabi_l2d
 .text          0x0000000008000aec      0x424 c:/st/stm32cubeide_1.4.0/stm32cubeide/plugins/com.st.stm32cube.ide.mcu.externaltools.gnu-tools-for-stm32.7-2018-q2-update.win32_1.4.0.202007081208/tools/bin/../lib/gcc/arm-none-eabi/7.3.1/thumb/v7e-m/fpv4-sp/hard\libgcc.a(_arm_muldivdf3.o)
                0x0000000008000aec                __aeabi_dmul
                0x0000000008000aec                __muldf3
                0x0000000008000d40                __divdf3
                0x0000000008000d40                __aeabi_ddiv
 .text          0x0000000008000f10       0x40 c:/st/stm32cubeide_1.4.0/stm32cubeide/plugins/com.st.stm32cube.ide.mcu.externaltools.gnu-tools-for-stm32.7-2018-q2-update.win32_1.4.0.202007081208/tools/bin/../lib/gcc/arm-none-eabi/7.3.1/thumb/v7e-m/fpv4-sp/hard\libgcc.a(_arm_fixunsdfsi.o)
                0x0000000008000f10                __aeabi_d2uiz
                0x0000000008000f10                __fixunsdfsi
 *(.text*)
 .text.uDelayTim1
                0x0000000008000f50       0x3c Core/Src/hcSensor.o
                0x0000000008000f50                uDelayTim1
 .text.HAL_TIM_IC_CaptureCallback
                0x0000000008000f8c      0x180 Core/Src/hcSensor.o
                0x0000000008000f8c                HAL_TIM_IC_CaptureCallback
 .text.triggerMeasureCenter
                0x000000000800110c       0x5c Core/Src/hcSensor.o
                0x000000000800110c                triggerMeasureCenter
 .text.triggerMeasureLeft
                0x0000000008001168       0x5c Core/Src/hcSensor.o
                0x0000000008001168                triggerMeasureLeft
 .text.triggerMeasureRight
                0x00000000080011c4       0x5c Core/Src/hcSensor.o
                0x00000000080011c4                triggerMeasureRight
 .text.lcdInit  0x0000000008001220       0xae Core/Src/lcd.o
                0x0000000008001220                lcdInit
 *fill*         0x00000000080012ce        0x2 
 .text.lcdCmdMode
                0x00000000080012d0       0x70 Core/Src/lcd.o
                0x00000000080012d0                lcdCmdMode
 .text.lcdDataMode
                0x0000000008001340       0x5a Core/Src/lcd.o
                0x0000000008001340                lcdDataMode
 .text.lcdSetPlace
                0x000000000800139a       0x5a Core/Src/lcd.o
                0x000000000800139a                lcdSetPlace
 .text.lcdWelcome
                0x00000000080013f4       0xf4 Core/Src/lcd.o
                0x00000000080013f4                lcdWelcome
 .text.lcdMarkPrint
                0x00000000080014e8       0x6c Core/Src/lcd.o
                0x00000000080014e8                lcdMarkPrint
 .text.lcdReadBuffer
                0x0000000008001554       0x5e Core/Src/lcd.o
                0x0000000008001554                lcdReadBuffer
 .text.lcdClearBuffer
                0x00000000080015b2       0x50 Core/Src/lcd.o
                0x00000000080015b2                lcdClearBuffer
 *fill*         0x0000000008001602        0x2 
 .text.display_based
                0x0000000008001604       0x8c Core/Src/lcd.o
                0x0000000008001604                display_based
 .text.display_lvl1_based
                0x0000000008001690       0xc0 Core/Src/lcd.o
                0x0000000008001690                display_lvl1_based
 .text.display_lvl2_based
                0x0000000008001750       0xf4 Core/Src/lcd.o
                0x0000000008001750                display_lvl2_based
 .text.display_lvl1_srodek
                0x0000000008001844       0xc0 Core/Src/lcd.o
                0x0000000008001844                display_lvl1_srodek
 .text.display_lvl1_left
                0x0000000008001904       0xc4 Core/Src/lcd.o
                0x0000000008001904                display_lvl1_left
 .text.display_lvl1_right
                0x00000000080019c8       0xc0 Core/Src/lcd.o
                0x00000000080019c8                display_lvl1_right
 .text.display_lvl2_srodek
                0x0000000008001a88       0xf0 Core/Src/lcd.o
                0x0000000008001a88                display_lvl2_srodek
 .text.display_lvl2_left
                0x0000000008001b78       0xf4 Core/Src/lcd.o
                0x0000000008001b78                display_lvl2_left
 .text.display_lvl2_right
                0x0000000008001c6c       0xf4 Core/Src/lcd.o
                0x0000000008001c6c                display_lvl2_right
 .text.display_driver
                0x0000000008001d60      0x1f2 Core/Src/lcd.o
                0x0000000008001d60                display_driver
 *fill*         0x0000000008001f52        0x2 
 .text.main     0x0000000008001f54       0xf4 Core/Src/main.o
                0x0000000008001f54                main
 .text.SystemClock_Config
                0x0000000008002048      0x10e Core/Src/main.o
                0x0000000008002048                SystemClock_Config
 *fill*         0x0000000008002156        0x2 
 .text.MX_LPUART1_UART_Init
                0x0000000008002158       0xa0 Core/Src/main.o
 .text.MX_USART3_UART_Init
                0x00000000080021f8       0x98 Core/Src/main.o
 .text.MX_SPI1_Init
                0x0000000008002290       0x7c Core/Src/main.o
 .text.MX_TIM1_Init
                0x000000000800230c       0xb4 Core/Src/main.o
 .text.MX_USB_OTG_FS_PCD_Init
                0x00000000080023c0       0x54 Core/Src/main.o
 .text.MX_GPIO_Init
                0x0000000008002414      0x1cc Core/Src/main.o
 .text.hcsr04_1
                0x00000000080025e0       0x68 Core/Src/main.o
                0x00000000080025e0                hcsr04_1
 .text.hcsr04_2
                0x0000000008002648       0x68 Core/Src/main.o
                0x0000000008002648                hcsr04_2
 .text.hcsr04_3
                0x00000000080026b0       0x70 Core/Src/main.o
                0x00000000080026b0                hcsr04_3
 .text.lcd_buzz
                0x0000000008002720       0xb0 Core/Src/main.o
                0x0000000008002720                lcd_buzz
 .text.HAL_TIM_PeriodElapsedCallback
                0x00000000080027d0       0x24 Core/Src/main.o
                0x00000000080027d0                HAL_TIM_PeriodElapsedCallback
 .text.Error_Handler
                0x00000000080027f4        0xe Core/Src/main.o
                0x00000000080027f4                Error_Handler
 *fill*         0x0000000008002802        0x2 
 .text.HAL_MspInit
                0x0000000008002804       0x48 Core/Src/stm32l4xx_hal_msp.o
                0x0000000008002804                HAL_MspInit
 .text.HAL_UART_MspInit
                0x000000000800284c       0xf4 Core/Src/stm32l4xx_hal_msp.o
                0x000000000800284c                HAL_UART_MspInit
 .text.HAL_SPI_MspInit
                0x0000000008002940       0x84 Core/Src/stm32l4xx_hal_msp.o
                0x0000000008002940                HAL_SPI_MspInit
 .text.HAL_TIM_IC_MspInit
                0x00000000080029c4       0x98 Core/Src/stm32l4xx_hal_msp.o
                0x00000000080029c4                HAL_TIM_IC_MspInit
 .text.HAL_PCD_MspInit
                0x0000000008002a5c       0xd8 Core/Src/stm32l4xx_hal_msp.o
                0x0000000008002a5c                HAL_PCD_MspInit
 .text.HAL_InitTick
                0x0000000008002b34       0xb0 Core/Src/stm32l4xx_hal_timebase_tim.o
                0x0000000008002b34                HAL_InitTick
 .text.NMI_Handler
                0x0000000008002be4        0xe Core/Src/stm32l4xx_it.o
                0x0000000008002be4                NMI_Handler
 .text.HardFault_Handler
                0x0000000008002bf2        0x6 Core/Src/stm32l4xx_it.o
                0x0000000008002bf2                HardFault_Handler
 .text.MemManage_Handler
                0x0000000008002bf8        0x6 Core/Src/stm32l4xx_it.o
                0x0000000008002bf8                MemManage_Handler
 .text.BusFault_Handler
                0x0000000008002bfe        0x6 Core/Src/stm32l4xx_it.o
                0x0000000008002bfe                BusFault_Handler
 .text.UsageFault_Handler
                0x0000000008002c04        0x6 Core/Src/stm32l4xx_it.o
                0x0000000008002c04                UsageFault_Handler
 .text.DebugMon_Handler
                0x0000000008002c0a        0xe Core/Src/stm32l4xx_it.o
                0x0000000008002c0a                DebugMon_Handler
 .text.TIM1_CC_IRQHandler
                0x0000000008002c18       0x14 Core/Src/stm32l4xx_it.o
                0x0000000008002c18                TIM1_CC_IRQHandler
 .text.TIM6_DAC_IRQHandler
                0x0000000008002c2c       0x14 Core/Src/stm32l4xx_it.o
                0x0000000008002c2c                TIM6_DAC_IRQHandler
 .text.SystemInit
                0x0000000008002c40       0x6c Core/Src/system_stm32l4xx.o
                0x0000000008002c40                SystemInit
 .text.Reset_Handler
                0x0000000008002cac       0x50 Core/Startup/startup_stm32l4r5zitx.o
                0x0000000008002cac                Reset_Handler
 .text.Default_Handler
                0x0000000008002cfc        0x2 Core/Startup/startup_stm32l4r5zitx.o
                0x0000000008002cfc                RTC_Alarm_IRQHandler
                0x0000000008002cfc                EXTI2_IRQHandler
                0x0000000008002cfc                TIM8_TRG_COM_IRQHandler
                0x0000000008002cfc                TIM8_CC_IRQHandler
                0x0000000008002cfc                TSC_IRQHandler
                0x0000000008002cfc                TAMP_STAMP_IRQHandler
                0x0000000008002cfc                EXTI3_IRQHandler
                0x0000000008002cfc                LPTIM2_IRQHandler
                0x0000000008002cfc                DFSDM1_FLT1_IRQHandler
                0x0000000008002cfc                GFXMMU_IRQHandler
                0x0000000008002cfc                I2C3_ER_IRQHandler
                0x0000000008002cfc                DFSDM1_FLT2_IRQHandler
                0x0000000008002cfc                EXTI0_IRQHandler
                0x0000000008002cfc                I2C2_EV_IRQHandler
                0x0000000008002cfc                CAN1_RX0_IRQHandler
                0x0000000008002cfc                FPU_IRQHandler
                0x0000000008002cfc                TIM1_UP_TIM16_IRQHandler
                0x0000000008002cfc                LTDC_ER_IRQHandler
                0x0000000008002cfc                SPI1_IRQHandler
                0x0000000008002cfc                OCTOSPI1_IRQHandler
                0x0000000008002cfc                DCMI_IRQHandler
                0x0000000008002cfc                TIM8_UP_IRQHandler
                0x0000000008002cfc                OCTOSPI2_IRQHandler
                0x0000000008002cfc                DMA2_Channel2_IRQHandler
                0x0000000008002cfc                DMA1_Channel4_IRQHandler
                0x0000000008002cfc                SAI2_IRQHandler
                0x0000000008002cfc                ADC1_IRQHandler
                0x0000000008002cfc                DFSDM1_FLT3_IRQHandler
                0x0000000008002cfc                USART3_IRQHandler
                0x0000000008002cfc                DMA1_Channel7_IRQHandler
                0x0000000008002cfc                CAN1_RX1_IRQHandler
                0x0000000008002cfc                UART5_IRQHandler
                0x0000000008002cfc                TIM4_IRQHandler
                0x0000000008002cfc                DMA2_Channel1_IRQHandler
                0x0000000008002cfc                I2C1_EV_IRQHandler
                0x0000000008002cfc                DMAMUX1_OVR_IRQHandler
                0x0000000008002cfc                DMA1_Channel6_IRQHandler
                0x0000000008002cfc                UART4_IRQHandler
                0x0000000008002cfc                DMA2_Channel4_IRQHandler
                0x0000000008002cfc                TIM3_IRQHandler
                0x0000000008002cfc                RCC_IRQHandler
                0x0000000008002cfc                DMA1_Channel1_IRQHandler
                0x0000000008002cfc                Default_Handler
                0x0000000008002cfc                DMA2_Channel7_IRQHandler
                0x0000000008002cfc                EXTI15_10_IRQHandler
                0x0000000008002cfc                TIM7_IRQHandler
                0x0000000008002cfc                SDMMC1_IRQHandler
                0x0000000008002cfc                TIM5_IRQHandler
                0x0000000008002cfc                I2C3_EV_IRQHandler
                0x0000000008002cfc                EXTI9_5_IRQHandler
                0x0000000008002cfc                RTC_WKUP_IRQHandler
                0x0000000008002cfc                LTDC_IRQHandler
                0x0000000008002cfc                PVD_PVM_IRQHandler
                0x0000000008002cfc                SPI2_IRQHandler
                0x0000000008002cfc                CAN1_TX_IRQHandler
                0x0000000008002cfc                DMA2_Channel5_IRQHandler
                0x0000000008002cfc                CRS_IRQHandler
                0x0000000008002cfc                DMA1_Channel5_IRQHandler
                0x0000000008002cfc                EXTI4_IRQHandler
                0x0000000008002cfc                RNG_IRQHandler
                0x0000000008002cfc                TIM1_TRG_COM_TIM17_IRQHandler
                0x0000000008002cfc                DMA1_Channel3_IRQHandler
                0x0000000008002cfc                COMP_IRQHandler
                0x0000000008002cfc                WWDG_IRQHandler
                0x0000000008002cfc                I2C4_EV_IRQHandler
                0x0000000008002cfc                LPUART1_IRQHandler
                0x0000000008002cfc                DMA2_Channel6_IRQHandler
                0x0000000008002cfc                TIM2_IRQHandler
                0x0000000008002cfc                DMA2D_IRQHandler
                0x0000000008002cfc                EXTI1_IRQHandler
                0x0000000008002cfc                USART2_IRQHandler
                0x0000000008002cfc                DFSDM1_FLT0_IRQHandler
                0x0000000008002cfc                I2C2_ER_IRQHandler
                0x0000000008002cfc                DMA1_Channel2_IRQHandler
                0x0000000008002cfc                TIM8_BRK_IRQHandler
                0x0000000008002cfc                CAN1_SCE_IRQHandler
                0x0000000008002cfc                FLASH_IRQHandler
                0x0000000008002cfc                USART1_IRQHandler
                0x0000000008002cfc                OTG_FS_IRQHandler
                0x0000000008002cfc                SPI3_IRQHandler
                0x0000000008002cfc                I2C1_ER_IRQHandler
                0x0000000008002cfc                FMC_IRQHandler
                0x0000000008002cfc                LPTIM1_IRQHandler
                0x0000000008002cfc                I2C4_ER_IRQHandler
                0x0000000008002cfc                SAI1_IRQHandler
                0x0000000008002cfc                DMA2_Channel3_IRQHandler
                0x0000000008002cfc                TIM1_BRK_TIM15_IRQHandler
 .text.HAL_Init
                0x0000000008002cfe       0x30 Drivers/STM32L4xx_HAL_Driver/Src/stm32l4xx_hal.o
                0x0000000008002cfe                HAL_Init
 *fill*         0x0000000008002d2e        0x2 
 .text.HAL_IncTick
                0x0000000008002d30       0x28 Drivers/STM32L4xx_HAL_Driver/Src/stm32l4xx_hal.o
                0x0000000008002d30                HAL_IncTick
 .text.HAL_GetTick
                0x0000000008002d58       0x18 Drivers/STM32L4xx_HAL_Driver/Src/stm32l4xx_hal.o
                0x0000000008002d58                HAL_GetTick
 .text.HAL_Delay
                0x0000000008002d70       0x44 Drivers/STM32L4xx_HAL_Driver/Src/stm32l4xx_hal.o
                0x0000000008002d70                HAL_Delay
 .text.__NVIC_SetPriorityGrouping
                0x0000000008002db4       0x48 Drivers/STM32L4xx_HAL_Driver/Src/stm32l4xx_hal_cortex.o
 .text.__NVIC_GetPriorityGrouping
                0x0000000008002dfc       0x1c Drivers/STM32L4xx_HAL_Driver/Src/stm32l4xx_hal_cortex.o
 .text.__NVIC_EnableIRQ
                0x0000000008002e18       0x3c Drivers/STM32L4xx_HAL_Driver/Src/stm32l4xx_hal_cortex.o
 .text.__NVIC_SetPriority
                0x0000000008002e54       0x54 Drivers/STM32L4xx_HAL_Driver/Src/stm32l4xx_hal_cortex.o
 .text.NVIC_EncodePriority
                0x0000000008002ea8       0x66 Drivers/STM32L4xx_HAL_Driver/Src/stm32l4xx_hal_cortex.o
 .text.HAL_NVIC_SetPriorityGrouping
                0x0000000008002f0e       0x16 Drivers/STM32L4xx_HAL_Driver/Src/stm32l4xx_hal_cortex.o
                0x0000000008002f0e                HAL_NVIC_SetPriorityGrouping
 .text.HAL_NVIC_SetPriority
                0x0000000008002f24       0x38 Drivers/STM32L4xx_HAL_Driver/Src/stm32l4xx_hal_cortex.o
                0x0000000008002f24                HAL_NVIC_SetPriority
 .text.HAL_NVIC_EnableIRQ
                0x0000000008002f5c       0x1c Drivers/STM32L4xx_HAL_Driver/Src/stm32l4xx_hal_cortex.o
                0x0000000008002f5c                HAL_NVIC_EnableIRQ
 .text.HAL_GPIO_Init
                0x0000000008002f78      0x324 Drivers/STM32L4xx_HAL_Driver/Src/stm32l4xx_hal_gpio.o
                0x0000000008002f78                HAL_GPIO_Init
 .text.HAL_GPIO_WritePin
                0x000000000800329c       0x30 Drivers/STM32L4xx_HAL_Driver/Src/stm32l4xx_hal_gpio.o
                0x000000000800329c                HAL_GPIO_WritePin
 .text.HAL_GPIO_TogglePin
                0x00000000080032cc       0x34 Drivers/STM32L4xx_HAL_Driver/Src/stm32l4xx_hal_gpio.o
                0x00000000080032cc                HAL_GPIO_TogglePin
 .text.HAL_PCD_Init
                0x0000000008003300      0x248 Drivers/STM32L4xx_HAL_Driver/Src/stm32l4xx_hal_pcd.o
                0x0000000008003300                HAL_PCD_Init
 .text.HAL_PCDEx_ActivateLPM
                0x0000000008003548       0x48 Drivers/STM32L4xx_HAL_Driver/Src/stm32l4xx_hal_pcd_ex.o
                0x0000000008003548                HAL_PCDEx_ActivateLPM
 .text.HAL_PWREx_GetVoltageRange
                0x0000000008003590       0x40 Drivers/STM32L4xx_HAL_Driver/Src/stm32l4xx_hal_pwr_ex.o
                0x0000000008003590                HAL_PWREx_GetVoltageRange
 .text.HAL_PWREx_ControlVoltageScaling
                0x00000000080035d0      0x148 Drivers/STM32L4xx_HAL_Driver/Src/stm32l4xx_hal_pwr_ex.o
                0x00000000080035d0                HAL_PWREx_ControlVoltageScaling
 .text.HAL_PWREx_EnableVddUSB
                0x0000000008003718       0x20 Drivers/STM32L4xx_HAL_Driver/Src/stm32l4xx_hal_pwr_ex.o
                0x0000000008003718                HAL_PWREx_EnableVddUSB
 .text.HAL_PWREx_EnableVddIO2
                0x0000000008003738       0x20 Drivers/STM32L4xx_HAL_Driver/Src/stm32l4xx_hal_pwr_ex.o
                0x0000000008003738                HAL_PWREx_EnableVddIO2
 .text.HAL_RCC_OscConfig
                0x0000000008003758      0x84c Drivers/STM32L4xx_HAL_Driver/Src/stm32l4xx_hal_rcc.o
                0x0000000008003758                HAL_RCC_OscConfig
 .text.HAL_RCC_ClockConfig
                0x0000000008003fa4      0x258 Drivers/STM32L4xx_HAL_Driver/Src/stm32l4xx_hal_rcc.o
                0x0000000008003fa4                HAL_RCC_ClockConfig
 .text.HAL_RCC_GetSysClockFreq
                0x00000000080041fc      0x114 Drivers/STM32L4xx_HAL_Driver/Src/stm32l4xx_hal_rcc.o
                0x00000000080041fc                HAL_RCC_GetSysClockFreq
 .text.HAL_RCC_GetHCLKFreq
                0x0000000008004310       0x18 Drivers/STM32L4xx_HAL_Driver/Src/stm32l4xx_hal_rcc.o
                0x0000000008004310                HAL_RCC_GetHCLKFreq
 .text.HAL_RCC_GetPCLK1Freq
                0x0000000008004328       0x2c Drivers/STM32L4xx_HAL_Driver/Src/stm32l4xx_hal_rcc.o
                0x0000000008004328                HAL_RCC_GetPCLK1Freq
 .text.HAL_RCC_GetPCLK2Freq
                0x0000000008004354       0x2c Drivers/STM32L4xx_HAL_Driver/Src/stm32l4xx_hal_rcc.o
                0x0000000008004354                HAL_RCC_GetPCLK2Freq
 .text.HAL_RCC_GetClockConfig
                0x0000000008004380       0x64 Drivers/STM32L4xx_HAL_Driver/Src/stm32l4xx_hal_rcc.o
                0x0000000008004380                HAL_RCC_GetClockConfig
 .text.RCC_SetFlashLatencyFromMSIRange
                0x00000000080043e4       0xb4 Drivers/STM32L4xx_HAL_Driver/Src/stm32l4xx_hal_rcc.o
 .text.RCC_GetSysClockFreqFromPLLSource
                0x0000000008004498       0xd0 Drivers/STM32L4xx_HAL_Driver/Src/stm32l4xx_hal_rcc.o
 .text.HAL_RCCEx_PeriphCLKConfig
                0x0000000008004568      0x650 Drivers/STM32L4xx_HAL_Driver/Src/stm32l4xx_hal_rcc_ex.o
                0x0000000008004568                HAL_RCCEx_PeriphCLKConfig
 .text.RCCEx_PLLSAI1_Config
                0x0000000008004bb8      0x1e0 Drivers/STM32L4xx_HAL_Driver/Src/stm32l4xx_hal_rcc_ex.o
 .text.RCCEx_PLLSAI2_Config
                0x0000000008004d98      0x1e0 Drivers/STM32L4xx_HAL_Driver/Src/stm32l4xx_hal_rcc_ex.o
 .text.HAL_SPI_Init
                0x0000000008004f78      0x146 Drivers/STM32L4xx_HAL_Driver/Src/stm32l4xx_hal_spi.o
                0x0000000008004f78                HAL_SPI_Init
 .text.HAL_SPI_Transmit
                0x00000000080050be      0x2dc Drivers/STM32L4xx_HAL_Driver/Src/stm32l4xx_hal_spi.o
                0x00000000080050be                HAL_SPI_Transmit
 *fill*         0x000000000800539a        0x2 
 .text.SPI_WaitFlagStateUntilTimeout
                0x000000000800539c      0x110 Drivers/STM32L4xx_HAL_Driver/Src/stm32l4xx_hal_spi.o
 .text.SPI_WaitFifoStateUntilTimeout
                0x00000000080054ac      0x11c Drivers/STM32L4xx_HAL_Driver/Src/stm32l4xx_hal_spi.o
 .text.SPI_EndRxTxTransaction
                0x00000000080055c8       0x8c Drivers/STM32L4xx_HAL_Driver/Src/stm32l4xx_hal_spi.o
 .text.HAL_TIM_Base_Init
                0x0000000008005654       0xae Drivers/STM32L4xx_HAL_Driver/Src/stm32l4xx_hal_tim.o
                0x0000000008005654                HAL_TIM_Base_Init
 .text.HAL_TIM_Base_MspInit
                0x0000000008005702       0x14 Drivers/STM32L4xx_HAL_Driver/Src/stm32l4xx_hal_tim.o
                0x0000000008005702                HAL_TIM_Base_MspInit
 *fill*         0x0000000008005716        0x2 
 .text.HAL_TIM_Base_Start_IT
                0x0000000008005718       0xe0 Drivers/STM32L4xx_HAL_Driver/Src/stm32l4xx_hal_tim.o
                0x0000000008005718                HAL_TIM_Base_Start_IT
 .text.HAL_TIM_IC_Init
                0x00000000080057f8       0xae Drivers/STM32L4xx_HAL_Driver/Src/stm32l4xx_hal_tim.o
                0x00000000080057f8                HAL_TIM_IC_Init
 *fill*         0x00000000080058a6        0x2 
 .text.HAL_TIM_IC_Start_IT
                0x00000000080058a8      0x284 Drivers/STM32L4xx_HAL_Driver/Src/stm32l4xx_hal_tim.o
                0x00000000080058a8                HAL_TIM_IC_Start_IT
 .text.HAL_TIM_IRQHandler
                0x0000000008005b2c      0x23e Drivers/STM32L4xx_HAL_Driver/Src/stm32l4xx_hal_tim.o
                0x0000000008005b2c                HAL_TIM_IRQHandler
 .text.HAL_TIM_IC_ConfigChannel
                0x0000000008005d6a      0x128 Drivers/STM32L4xx_HAL_Driver/Src/stm32l4xx_hal_tim.o
                0x0000000008005d6a                HAL_TIM_IC_ConfigChannel
 *fill*         0x0000000008005e92        0x2 
 .text.HAL_TIM_ReadCapturedValue
                0x0000000008005e94       0x88 Drivers/STM32L4xx_HAL_Driver/Src/stm32l4xx_hal_tim.o
                0x0000000008005e94                HAL_TIM_ReadCapturedValue
 .text.HAL_TIM_OC_DelayElapsedCallback
                0x0000000008005f1c       0x14 Drivers/STM32L4xx_HAL_Driver/Src/stm32l4xx_hal_tim.o
                0x0000000008005f1c                HAL_TIM_OC_DelayElapsedCallback
 .text.HAL_TIM_PWM_PulseFinishedCallback
                0x0000000008005f30       0x14 Drivers/STM32L4xx_HAL_Driver/Src/stm32l4xx_hal_tim.o
                0x0000000008005f30                HAL_TIM_PWM_PulseFinishedCallback
 .text.HAL_TIM_TriggerCallback
                0x0000000008005f44       0x14 Drivers/STM32L4xx_HAL_Driver/Src/stm32l4xx_hal_tim.o
                0x0000000008005f44                HAL_TIM_TriggerCallback
 .text.TIM_Base_SetConfig
                0x0000000008005f58      0x134 Drivers/STM32L4xx_HAL_Driver/Src/stm32l4xx_hal_tim.o
                0x0000000008005f58                TIM_Base_SetConfig
 .text.TIM_TI1_SetConfig
                0x000000000800608c       0xdc Drivers/STM32L4xx_HAL_Driver/Src/stm32l4xx_hal_tim.o
                0x000000000800608c                TIM_TI1_SetConfig
 .text.TIM_TI2_SetConfig
                0x0000000008006168       0x7a Drivers/STM32L4xx_HAL_Driver/Src/stm32l4xx_hal_tim.o
 .text.TIM_TI3_SetConfig
                0x00000000080061e2       0x78 Drivers/STM32L4xx_HAL_Driver/Src/stm32l4xx_hal_tim.o
 .text.TIM_TI4_SetConfig
                0x000000000800625a       0x7a Drivers/STM32L4xx_HAL_Driver/Src/stm32l4xx_hal_tim.o
 .text.TIM_CCxChannelCmd
                0x00000000080062d4       0x4a Drivers/STM32L4xx_HAL_Driver/Src/stm32l4xx_hal_tim.o
                0x00000000080062d4                TIM_CCxChannelCmd
 *fill*         0x000000000800631e        0x2 
 .text.HAL_TIMEx_MasterConfigSynchronization
                0x0000000008006320      0x110 Drivers/STM32L4xx_HAL_Driver/Src/stm32l4xx_hal_tim_ex.o
                0x0000000008006320                HAL_TIMEx_MasterConfigSynchronization
 .text.HAL_TIMEx_CommutCallback
                0x0000000008006430       0x14 Drivers/STM32L4xx_HAL_Driver/Src/stm32l4xx_hal_tim_ex.o
                0x0000000008006430                HAL_TIMEx_CommutCallback
 .text.HAL_TIMEx_BreakCallback
                0x0000000008006444       0x14 Drivers/STM32L4xx_HAL_Driver/Src/stm32l4xx_hal_tim_ex.o
                0x0000000008006444                HAL_TIMEx_BreakCallback
 .text.HAL_TIMEx_Break2Callback
                0x0000000008006458       0x14 Drivers/STM32L4xx_HAL_Driver/Src/stm32l4xx_hal_tim_ex.o
                0x0000000008006458                HAL_TIMEx_Break2Callback
 .text.HAL_UART_Init
                0x000000000800646c       0xa0 Drivers/STM32L4xx_HAL_Driver/Src/stm32l4xx_hal_uart.o
                0x000000000800646c                HAL_UART_Init
 .text.UART_SetConfig
                0x000000000800650c      0x5a4 Drivers/STM32L4xx_HAL_Driver/Src/stm32l4xx_hal_uart.o
                0x000000000800650c                UART_SetConfig
 .text.UART_AdvFeatureConfig
                0x0000000008006ab0      0x144 Drivers/STM32L4xx_HAL_Driver/Src/stm32l4xx_hal_uart.o
                0x0000000008006ab0                UART_AdvFeatureConfig
 .text.UART_CheckIdleState
                0x0000000008006bf4       0x90 Drivers/STM32L4xx_HAL_Driver/Src/stm32l4xx_hal_uart.o
                0x0000000008006bf4                UART_CheckIdleState
 .text.UART_WaitOnFlagUntilTimeout
                0x0000000008006c84      0x100 Drivers/STM32L4xx_HAL_Driver/Src/stm32l4xx_hal_uart.o
                0x0000000008006c84                UART_WaitOnFlagUntilTimeout
 .text.HAL_UARTEx_DisableFifoMode
                0x0000000008006d84       0x72 Drivers/STM32L4xx_HAL_Driver/Src/stm32l4xx_hal_uart_ex.o
                0x0000000008006d84                HAL_UARTEx_DisableFifoMode
 .text.HAL_UARTEx_SetTxFifoThreshold
                0x0000000008006df6       0x7c Drivers/STM32L4xx_HAL_Driver/Src/stm32l4xx_hal_uart_ex.o
                0x0000000008006df6                HAL_UARTEx_SetTxFifoThreshold
 .text.HAL_UARTEx_SetRxFifoThreshold
                0x0000000008006e72       0x7c Drivers/STM32L4xx_HAL_Driver/Src/stm32l4xx_hal_uart_ex.o
                0x0000000008006e72                HAL_UARTEx_SetRxFifoThreshold
 *fill*         0x0000000008006eee        0x2 
 .text.UARTEx_SetNbDataToProcess
                0x0000000008006ef0       0xd0 Drivers/STM32L4xx_HAL_Driver/Src/stm32l4xx_hal_uart_ex.o
 .text.USB_CoreInit
                0x0000000008006fc0       0xa4 Drivers/STM32L4xx_HAL_Driver/Src/stm32l4xx_ll_usb.o
                0x0000000008006fc0                USB_CoreInit
 .text.USB_DisableGlobalInt
                0x0000000008007064       0x22 Drivers/STM32L4xx_HAL_Driver/Src/stm32l4xx_ll_usb.o
                0x0000000008007064                USB_DisableGlobalInt
 .text.USB_SetCurrentMode
                0x0000000008007086       0x54 Drivers/STM32L4xx_HAL_Driver/Src/stm32l4xx_ll_usb.o
                0x0000000008007086                USB_SetCurrentMode
 *fill*         0x00000000080070da        0x2 
 .text.USB_DevInit
                0x00000000080070dc      0x298 Drivers/STM32L4xx_HAL_Driver/Src/stm32l4xx_ll_usb.o
                0x00000000080070dc                USB_DevInit
 .text.USB_FlushTxFifo
                0x0000000008007374       0x4c Drivers/STM32L4xx_HAL_Driver/Src/stm32l4xx_ll_usb.o
                0x0000000008007374                USB_FlushTxFifo
 .text.USB_FlushRxFifo
                0x00000000080073c0       0x44 Drivers/STM32L4xx_HAL_Driver/Src/stm32l4xx_ll_usb.o
                0x00000000080073c0                USB_FlushRxFifo
 .text.USB_SetDevSpeed
                0x0000000008007404       0x32 Drivers/STM32L4xx_HAL_Driver/Src/stm32l4xx_ll_usb.o
                0x0000000008007404                USB_SetDevSpeed
 .text.USB_DevDisconnect
                0x0000000008007436       0x42 Drivers/STM32L4xx_HAL_Driver/Src/stm32l4xx_ll_usb.o
                0x0000000008007436                USB_DevDisconnect
 .text.USB_CoreReset
                0x0000000008007478       0x68 Drivers/STM32L4xx_HAL_Driver/Src/stm32l4xx_ll_usb.o
 .text.SVC_Setup
                0x00000000080074e0        0xe Middlewares/Third_Party/FreeRTOS/Source/CMSIS_RTOS_V2/cmsis_os2.o
 *fill*         0x00000000080074ee        0x2 
 .text.osKernelInitialize
                0x00000000080074f0       0x68 Middlewares/Third_Party/FreeRTOS/Source/CMSIS_RTOS_V2/cmsis_os2.o
                0x00000000080074f0                osKernelInitialize
 .text.osKernelStart
                0x0000000008007558       0x6c Middlewares/Third_Party/FreeRTOS/Source/CMSIS_RTOS_V2/cmsis_os2.o
                0x0000000008007558                osKernelStart
 .text.osThreadNew
                0x00000000080075c4      0x14c Middlewares/Third_Party/FreeRTOS/Source/CMSIS_RTOS_V2/cmsis_os2.o
                0x00000000080075c4                osThreadNew
 .text.osDelay  0x0000000008007710       0x5c Middlewares/Third_Party/FreeRTOS/Source/CMSIS_RTOS_V2/cmsis_os2.o
                0x0000000008007710                osDelay
 .text.vApplicationGetIdleTaskMemory
                0x000000000800776c       0x34 Middlewares/Third_Party/FreeRTOS/Source/CMSIS_RTOS_V2/cmsis_os2.o
                0x000000000800776c                vApplicationGetIdleTaskMemory
 .text.vApplicationGetTimerTaskMemory
                0x00000000080077a0       0x34 Middlewares/Third_Party/FreeRTOS/Source/CMSIS_RTOS_V2/cmsis_os2.o
                0x00000000080077a0                vApplicationGetTimerTaskMemory
 .text.vListInitialise
                0x00000000080077d4       0x40 Middlewares/Third_Party/FreeRTOS/Source/list.o
                0x00000000080077d4                vListInitialise
 .text.vListInitialiseItem
                0x0000000008007814       0x1a Middlewares/Third_Party/FreeRTOS/Source/list.o
                0x0000000008007814                vListInitialiseItem
 .text.vListInsertEnd
                0x000000000800782e       0x48 Middlewares/Third_Party/FreeRTOS/Source/list.o
                0x000000000800782e                vListInsertEnd
 .text.vListInsert
                0x0000000008007876       0x72 Middlewares/Third_Party/FreeRTOS/Source/list.o
                0x0000000008007876                vListInsert
 .text.uxListRemove
                0x00000000080078e8       0x54 Middlewares/Third_Party/FreeRTOS/Source/list.o
                0x00000000080078e8                uxListRemove
 .text.xQueueGenericReset
                0x000000000800793c       0xd0 Middlewares/Third_Party/FreeRTOS/Source/queue.o
                0x000000000800793c                xQueueGenericReset
 .text.xQueueGenericCreateStatic
                0x0000000008007a0c       0xe6 Middlewares/Third_Party/FreeRTOS/Source/queue.o
                0x0000000008007a0c                xQueueGenericCreateStatic
 .text.prvInitialiseNewQueue
                0x0000000008007af2       0x46 Middlewares/Third_Party/FreeRTOS/Source/queue.o
 .text.xQueueGenericSend
                0x0000000008007b38      0x1f4 Middlewares/Third_Party/FreeRTOS/Source/queue.o
                0x0000000008007b38                xQueueGenericSend
 .text.xQueueGenericSendFromISR
                0x0000000008007d2c      0x128 Middlewares/Third_Party/FreeRTOS/Source/queue.o
                0x0000000008007d2c                xQueueGenericSendFromISR
 .text.xQueueReceive
                0x0000000008007e54      0x1b8 Middlewares/Third_Party/FreeRTOS/Source/queue.o
                0x0000000008007e54                xQueueReceive
 .text.prvCopyDataToQueue
                0x000000000800800c       0xd4 Middlewares/Third_Party/FreeRTOS/Source/queue.o
 .text.prvCopyDataFromQueue
                0x00000000080080e0       0x4c Middlewares/Third_Party/FreeRTOS/Source/queue.o
 .text.prvUnlockQueue
                0x000000000800812c       0xa4 Middlewares/Third_Party/FreeRTOS/Source/queue.o
 .text.prvIsQueueEmpty
                0x00000000080081d0       0x2c Middlewares/Third_Party/FreeRTOS/Source/queue.o
 .text.prvIsQueueFull
                0x00000000080081fc       0x30 Middlewares/Third_Party/FreeRTOS/Source/queue.o
 .text.vQueueAddToRegistry
                0x000000000800822c       0x50 Middlewares/Third_Party/FreeRTOS/Source/queue.o
                0x000000000800822c                vQueueAddToRegistry
 .text.vQueueWaitForMessageRestricted
                0x000000000800827c       0x68 Middlewares/Third_Party/FreeRTOS/Source/queue.o
                0x000000000800827c                vQueueWaitForMessageRestricted
 .text.xTaskCreateStatic
                0x00000000080082e4       0xb4 Middlewares/Third_Party/FreeRTOS/Source/tasks.o
                0x00000000080082e4                xTaskCreateStatic
 .text.xTaskCreate
                0x0000000008008398       0x8a Middlewares/Third_Party/FreeRTOS/Source/tasks.o
                0x0000000008008398                xTaskCreate
 .text.prvInitialiseNewTask
                0x0000000008008422      0x11c Middlewares/Third_Party/FreeRTOS/Source/tasks.o
 *fill*         0x000000000800853e        0x2 
 .text.prvAddNewTaskToReadyList
                0x0000000008008540       0xe0 Middlewares/Third_Party/FreeRTOS/Source/tasks.o
 .text.vTaskDelay
                0x0000000008008620       0x68 Middlewares/Third_Party/FreeRTOS/Source/tasks.o
                0x0000000008008620                vTaskDelay
 .text.vTaskStartScheduler
                0x0000000008008688       0xc8 Middlewares/Third_Party/FreeRTOS/Source/tasks.o
                0x0000000008008688                vTaskStartScheduler
 .text.vTaskSuspendAll
                0x0000000008008750       0x1c Middlewares/Third_Party/FreeRTOS/Source/tasks.o
                0x0000000008008750                vTaskSuspendAll
 .text.xTaskResumeAll
                0x000000000800876c      0x138 Middlewares/Third_Party/FreeRTOS/Source/tasks.o
                0x000000000800876c                xTaskResumeAll
 .text.xTaskGetTickCount
                0x00000000080088a4       0x20 Middlewares/Third_Party/FreeRTOS/Source/tasks.o
                0x00000000080088a4                xTaskGetTickCount
 .text.xTaskIncrementTick
                0x00000000080088c4      0x170 Middlewares/Third_Party/FreeRTOS/Source/tasks.o
                0x00000000080088c4                xTaskIncrementTick
 .text.vTaskSwitchContext
                0x0000000008008a34       0xb8 Middlewares/Third_Party/FreeRTOS/Source/tasks.o
                0x0000000008008a34                vTaskSwitchContext
 .text.vTaskPlaceOnEventList
                0x0000000008008aec       0x48 Middlewares/Third_Party/FreeRTOS/Source/tasks.o
                0x0000000008008aec                vTaskPlaceOnEventList
 .text.vTaskPlaceOnEventListRestricted
                0x0000000008008b34       0x54 Middlewares/Third_Party/FreeRTOS/Source/tasks.o
                0x0000000008008b34                vTaskPlaceOnEventListRestricted
 .text.xTaskRemoveFromEventList
                0x0000000008008b88       0xc4 Middlewares/Third_Party/FreeRTOS/Source/tasks.o
                0x0000000008008b88                xTaskRemoveFromEventList
 .text.vTaskInternalSetTimeOutState
                0x0000000008008c4c       0x2c Middlewares/Third_Party/FreeRTOS/Source/tasks.o
                0x0000000008008c4c                vTaskInternalSetTimeOutState
 .text.xTaskCheckForTimeOut
                0x0000000008008c78       0xc0 Middlewares/Third_Party/FreeRTOS/Source/tasks.o
                0x0000000008008c78                xTaskCheckForTimeOut
 .text.vTaskMissedYield
                0x0000000008008d38       0x18 Middlewares/Third_Party/FreeRTOS/Source/tasks.o
                0x0000000008008d38                vTaskMissedYield
 .text.prvIdleTask
                0x0000000008008d50       0x30 Middlewares/Third_Party/FreeRTOS/Source/tasks.o
 .text.prvInitialiseTaskLists
                0x0000000008008d80       0x80 Middlewares/Third_Party/FreeRTOS/Source/tasks.o
 .text.prvCheckTasksWaitingTermination
                0x0000000008008e00       0x58 Middlewares/Third_Party/FreeRTOS/Source/tasks.o
 .text.prvDeleteTCB
                0x0000000008008e58       0x5c Middlewares/Third_Party/FreeRTOS/Source/tasks.o
 .text.prvResetNextTaskUnblockTime
                0x0000000008008eb4       0x40 Middlewares/Third_Party/FreeRTOS/Source/tasks.o
 .text.xTaskGetSchedulerState
                0x0000000008008ef4       0x3c Middlewares/Third_Party/FreeRTOS/Source/tasks.o
                0x0000000008008ef4                xTaskGetSchedulerState
 .text.xTaskPriorityDisinherit
                0x0000000008008f30       0xd8 Middlewares/Third_Party/FreeRTOS/Source/tasks.o
                0x0000000008008f30                xTaskPriorityDisinherit
 .text.prvAddCurrentTaskToDelayedList
                0x0000000008009008       0xa8 Middlewares/Third_Party/FreeRTOS/Source/tasks.o
 .text.xTimerCreateTimerTask
                0x00000000080090b0       0x90 Middlewares/Third_Party/FreeRTOS/Source/timers.o
                0x00000000080090b0                xTimerCreateTimerTask
 .text.xTimerGenericCommand
                0x0000000008009140       0x98 Middlewares/Third_Party/FreeRTOS/Source/timers.o
                0x0000000008009140                xTimerGenericCommand
 .text.prvProcessExpiredTimer
                0x00000000080091d8       0x98 Middlewares/Third_Party/FreeRTOS/Source/timers.o
 .text.prvTimerTask
                0x0000000008009270       0x24 Middlewares/Third_Party/FreeRTOS/Source/timers.o
 .text.prvProcessTimerOrBlockTask
                0x0000000008009294       0x9c Middlewares/Third_Party/FreeRTOS/Source/timers.o
 .text.prvGetNextExpireTime
                0x0000000008009330       0x48 Middlewares/Third_Party/FreeRTOS/Source/timers.o
 .text.prvSampleTimeNow
                0x0000000008009378       0x40 Middlewares/Third_Party/FreeRTOS/Source/timers.o
 .text.prvInsertTimerInActiveList
                0x00000000080093b8       0x84 Middlewares/Third_Party/FreeRTOS/Source/timers.o
 .text.prvProcessReceivedCommands
                0x000000000800943c      0x1b8 Middlewares/Third_Party/FreeRTOS/Source/timers.o
 .text.prvSwitchTimerLists
                0x00000000080095f4       0xc8 Middlewares/Third_Party/FreeRTOS/Source/timers.o
 .text.prvCheckForValidListAndQueue
                0x00000000080096bc       0x80 Middlewares/Third_Party/FreeRTOS/Source/timers.o
 .text.pxPortInitialiseStack
                0x000000000800973c       0x68 Middlewares/Third_Party/FreeRTOS/Source/portable/GCC/ARM_CM4F/port.o
                0x000000000800973c                pxPortInitialiseStack
 .text.prvTaskExitError
                0x00000000080097a4       0x54 Middlewares/Third_Party/FreeRTOS/Source/portable/GCC/ARM_CM4F/port.o
 *fill*         0x00000000080097f8        0x8 
 .text.SVC_Handler
                0x0000000008009800       0x28 Middlewares/Third_Party/FreeRTOS/Source/portable/GCC/ARM_CM4F/port.o
                0x0000000008009800                SVC_Handler
 .text.prvPortStartFirstTask
                0x0000000008009828       0x28 Middlewares/Third_Party/FreeRTOS/Source/portable/GCC/ARM_CM4F/port.o
 .text.xPortStartScheduler
                0x0000000008009850      0x13c Middlewares/Third_Party/FreeRTOS/Source/portable/GCC/ARM_CM4F/port.o
                0x0000000008009850                xPortStartScheduler
 .text.vPortEnterCritical
                0x000000000800998c       0x5c Middlewares/Third_Party/FreeRTOS/Source/portable/GCC/ARM_CM4F/port.o
                0x000000000800998c                vPortEnterCritical
 .text.vPortExitCritical
                0x00000000080099e8       0x50 Middlewares/Third_Party/FreeRTOS/Source/portable/GCC/ARM_CM4F/port.o
                0x00000000080099e8                vPortExitCritical
 *fill*         0x0000000008009a38        0x8 
 .text.PendSV_Handler
                0x0000000008009a40       0x68 Middlewares/Third_Party/FreeRTOS/Source/portable/GCC/ARM_CM4F/port.o
                0x0000000008009a40                PendSV_Handler
 .text.SysTick_Handler
                0x0000000008009aa8       0x40 Middlewares/Third_Party/FreeRTOS/Source/portable/GCC/ARM_CM4F/port.o
                0x0000000008009aa8                SysTick_Handler
 .text.vPortSetupTimerInterrupt
                0x0000000008009ae8       0x48 Middlewares/Third_Party/FreeRTOS/Source/portable/GCC/ARM_CM4F/port.o
                0x0000000008009ae8                vPortSetupTimerInterrupt
 .text.vPortEnableVFP
                0x0000000008009b30       0x14 Middlewares/Third_Party/FreeRTOS/Source/portable/GCC/ARM_CM4F/port.o
 .text.vPortValidateInterruptPriority
                0x0000000008009b44       0x7c Middlewares/Third_Party/FreeRTOS/Source/portable/GCC/ARM_CM4F/port.o
                0x0000000008009b44                vPortValidateInterruptPriority
 .text.pvPortMalloc
                0x0000000008009bc0      0x184 Middlewares/Third_Party/FreeRTOS/Source/portable/MemMang/heap_4.o
                0x0000000008009bc0                pvPortMalloc
 .text.vPortFree
                0x0000000008009d44       0xb0 Middlewares/Third_Party/FreeRTOS/Source/portable/MemMang/heap_4.o
                0x0000000008009d44                vPortFree
 .text.prvHeapInit
                0x0000000008009df4       0xc4 Middlewares/Third_Party/FreeRTOS/Source/portable/MemMang/heap_4.o
 .text.prvInsertBlockIntoFreeList
                0x0000000008009eb8       0xb4 Middlewares/Third_Party/FreeRTOS/Source/portable/MemMang/heap_4.o
 .text.__libc_init_array
                0x0000000008009f6c       0x48 c:/st/stm32cubeide_1.4.0/stm32cubeide/plugins/com.st.stm32cube.ide.mcu.externaltools.gnu-tools-for-stm32.7-2018-q2-update.win32_1.4.0.202007081208/tools/bin/../lib/gcc/arm-none-eabi/7.3.1/../../../../arm-none-eabi/lib/thumb/v7e-m/fpv4-sp/hard\libc_nano.a(lib_a-init.o)
                0x0000000008009f6c                __libc_init_array
 .text.memcpy   0x0000000008009fb4       0x16 c:/st/stm32cubeide_1.4.0/stm32cubeide/plugins/com.st.stm32cube.ide.mcu.externaltools.gnu-tools-for-stm32.7-2018-q2-update.win32_1.4.0.202007081208/tools/bin/../lib/gcc/arm-none-eabi/7.3.1/../../../../arm-none-eabi/lib/thumb/v7e-m/fpv4-sp/hard\libc_nano.a(lib_a-memcpy-stub.o)
                0x0000000008009fb4                memcpy
 .text.memset   0x0000000008009fca       0x10 c:/st/stm32cubeide_1.4.0/stm32cubeide/plugins/com.st.stm32cube.ide.mcu.externaltools.gnu-tools-for-stm32.7-2018-q2-update.win32_1.4.0.202007081208/tools/bin/../lib/gcc/arm-none-eabi/7.3.1/../../../../arm-none-eabi/lib/thumb/v7e-m/fpv4-sp/hard\libc_nano.a(lib_a-memset.o)
                0x0000000008009fca                memset
 *(.glue_7)
 .glue_7        0x0000000008009fda        0x0 linker stubs
 *(.glue_7t)
 .glue_7t       0x0000000008009fda        0x0 linker stubs
 *(.eh_frame)
 *fill*         0x0000000008009fda        0x2 
 .eh_frame      0x0000000008009fdc        0x0 c:/st/stm32cubeide_1.4.0/stm32cubeide/plugins/com.st.stm32cube.ide.mcu.externaltools.gnu-tools-for-stm32.7-2018-q2-update.win32_1.4.0.202007081208/tools/bin/../lib/gcc/arm-none-eabi/7.3.1/thumb/v7e-m/fpv4-sp/hard/crtbegin.o
 *(.init)
 .init          0x0000000008009fdc        0x4 c:/st/stm32cubeide_1.4.0/stm32cubeide/plugins/com.st.stm32cube.ide.mcu.externaltools.gnu-tools-for-stm32.7-2018-q2-update.win32_1.4.0.202007081208/tools/bin/../lib/gcc/arm-none-eabi/7.3.1/thumb/v7e-m/fpv4-sp/hard/crti.o
                0x0000000008009fdc                _init
 .init          0x0000000008009fe0        0x8 c:/st/stm32cubeide_1.4.0/stm32cubeide/plugins/com.st.stm32cube.ide.mcu.externaltools.gnu-tools-for-stm32.7-2018-q2-update.win32_1.4.0.202007081208/tools/bin/../lib/gcc/arm-none-eabi/7.3.1/thumb/v7e-m/fpv4-sp/hard/crtn.o
 *(.fini)
 .fini          0x0000000008009fe8        0x4 c:/st/stm32cubeide_1.4.0/stm32cubeide/plugins/com.st.stm32cube.ide.mcu.externaltools.gnu-tools-for-stm32.7-2018-q2-update.win32_1.4.0.202007081208/tools/bin/../lib/gcc/arm-none-eabi/7.3.1/thumb/v7e-m/fpv4-sp/hard/crti.o
                0x0000000008009fe8                _fini
 .fini          0x0000000008009fec        0x8 c:/st/stm32cubeide_1.4.0/stm32cubeide/plugins/com.st.stm32cube.ide.mcu.externaltools.gnu-tools-for-stm32.7-2018-q2-update.win32_1.4.0.202007081208/tools/bin/../lib/gcc/arm-none-eabi/7.3.1/thumb/v7e-m/fpv4-sp/hard/crtn.o
                0x0000000008009ff4                . = ALIGN (0x4)
                0x0000000008009ff4                _etext = .

.vfp11_veneer   0x0000000008009ff4        0x0
 .vfp11_veneer  0x0000000008009ff4        0x0 linker stubs

.v4_bx          0x0000000008009ff4        0x0
 .v4_bx         0x0000000008009ff4        0x0 linker stubs

.iplt           0x0000000008009ff4        0x0
 .iplt          0x0000000008009ff4        0x0 c:/st/stm32cubeide_1.4.0/stm32cubeide/plugins/com.st.stm32cube.ide.mcu.externaltools.gnu-tools-for-stm32.7-2018-q2-update.win32_1.4.0.202007081208/tools/bin/../lib/gcc/arm-none-eabi/7.3.1/thumb/v7e-m/fpv4-sp/hard/crtbegin.o

.rodata         0x0000000008009ff4      0x4c0
                0x0000000008009ff4                . = ALIGN (0x4)
 *(.rodata)
 .rodata        0x0000000008009ff4      0x18e Core/Src/lcd.o
 *fill*         0x000000000800a182        0x2 
 .rodata        0x000000000800a184       0x3b Core/Src/main.o
 *fill*         0x000000000800a1bf        0x1 
 .rodata        0x000000000800a1c0       0x10 Drivers/STM32L4xx_HAL_Driver/Src/stm32l4xx_hal_uart_ex.o
 .rodata        0x000000000800a1d0        0x5 Middlewares/Third_Party/FreeRTOS/Source/tasks.o
 *fill*         0x000000000800a1d5        0x3 
 .rodata        0x000000000800a1d8        0xd Middlewares/Third_Party/FreeRTOS/Source/timers.o
 *(.rodata*)
 *fill*         0x000000000800a1e5        0x3 
 .rodata.display_font
                0x000000000800a1e8      0x1db Core/Src/lcd.o
 *fill*         0x000000000800a3c3        0x1 
 .rodata.HCSR04_first_attributes
                0x000000000800a3c4       0x24 Core/Src/main.o
                0x000000000800a3c4                HCSR04_first_attributes
 .rodata.HCSR04_second_attributes
                0x000000000800a3e8       0x24 Core/Src/main.o
                0x000000000800a3e8                HCSR04_second_attributes
 .rodata.HCSR04_fthird_attributes
                0x000000000800a40c       0x24 Core/Src/main.o
                0x000000000800a40c                HCSR04_fthird_attributes
 .rodata.LCD_buzzer_attributes
                0x000000000800a430       0x24 Core/Src/main.o
                0x000000000800a430                LCD_buzzer_attributes
 .rodata.AHBPrescTable
                0x000000000800a454       0x10 Core/Src/system_stm32l4xx.o
                0x000000000800a454                AHBPrescTable
 .rodata.APBPrescTable
                0x000000000800a464        0x8 Core/Src/system_stm32l4xx.o
                0x000000000800a464                APBPrescTable
 .rodata.MSIRangeTable
                0x000000000800a46c       0x30 Core/Src/system_stm32l4xx.o
                0x000000000800a46c                MSIRangeTable
 .rodata.UARTPrescTable
                0x000000000800a49c       0x18 Drivers/STM32L4xx_HAL_Driver/Src/stm32l4xx_hal_uart.o
                0x000000000800a49c                UARTPrescTable
                0x000000000800a4b4                . = ALIGN (0x4)

.ARM.extab      0x000000000800a4b4        0x0
                0x000000000800a4b4                . = ALIGN (0x4)
 *(.ARM.extab* .gnu.linkonce.armextab.*)
                0x000000000800a4b4                . = ALIGN (0x4)

.ARM            0x000000000800a4b4        0x8
                0x000000000800a4b4                . = ALIGN (0x4)
                0x000000000800a4b4                __exidx_start = .
 *(.ARM.exidx*)
 .ARM.exidx     0x000000000800a4b4        0x8 c:/st/stm32cubeide_1.4.0/stm32cubeide/plugins/com.st.stm32cube.ide.mcu.externaltools.gnu-tools-for-stm32.7-2018-q2-update.win32_1.4.0.202007081208/tools/bin/../lib/gcc/arm-none-eabi/7.3.1/thumb/v7e-m/fpv4-sp/hard\libgcc.a(_udivmoddi4.o)
                0x000000000800a4bc                __exidx_end = .
                0x000000000800a4bc                . = ALIGN (0x4)

.rel.dyn        0x000000000800a4bc        0x0
 .rel.iplt      0x000000000800a4bc        0x0 c:/st/stm32cubeide_1.4.0/stm32cubeide/plugins/com.st.stm32cube.ide.mcu.externaltools.gnu-tools-for-stm32.7-2018-q2-update.win32_1.4.0.202007081208/tools/bin/../lib/gcc/arm-none-eabi/7.3.1/thumb/v7e-m/fpv4-sp/hard/crtbegin.o

.preinit_array  0x000000000800a4bc        0x0
                0x000000000800a4bc                . = ALIGN (0x4)
                0x000000000800a4bc                PROVIDE (__preinit_array_start = .)
 *(.preinit_array*)
                0x000000000800a4bc                PROVIDE (__preinit_array_end = .)
                0x000000000800a4bc                . = ALIGN (0x4)

.init_array     0x000000000800a4bc        0x4
                0x000000000800a4bc                . = ALIGN (0x4)
                0x000000000800a4bc                PROVIDE (__init_array_start = .)
 *(SORT_BY_NAME(.init_array.*))
 *(.init_array*)
 .init_array    0x000000000800a4bc        0x4 c:/st/stm32cubeide_1.4.0/stm32cubeide/plugins/com.st.stm32cube.ide.mcu.externaltools.gnu-tools-for-stm32.7-2018-q2-update.win32_1.4.0.202007081208/tools/bin/../lib/gcc/arm-none-eabi/7.3.1/thumb/v7e-m/fpv4-sp/hard/crtbegin.o
                0x000000000800a4c0                PROVIDE (__init_array_end = .)
                0x000000000800a4c0                . = ALIGN (0x4)

.fini_array     0x000000000800a4c0        0x4
                0x000000000800a4c0                . = ALIGN (0x4)
                [!provide]                        PROVIDE (__fini_array_start = .)
 *(SORT_BY_NAME(.fini_array.*))
 *(.fini_array*)
 .fini_array    0x000000000800a4c0        0x4 c:/st/stm32cubeide_1.4.0/stm32cubeide/plugins/com.st.stm32cube.ide.mcu.externaltools.gnu-tools-for-stm32.7-2018-q2-update.win32_1.4.0.202007081208/tools/bin/../lib/gcc/arm-none-eabi/7.3.1/thumb/v7e-m/fpv4-sp/hard/crtbegin.o
                [!provide]                        PROVIDE (__fini_array_end = .)
                0x000000000800a4c4                . = ALIGN (0x4)
                0x000000000800a4c4                _sidata = LOADADDR (.data)

.data           0x0000000020000000       0x10 load address 0x000000000800a4c4
                0x0000000020000000                . = ALIGN (0x4)
                0x0000000020000000                _sdata = .
 *(.data)
 *(.data*)
 .data.SystemCoreClock
                0x0000000020000000        0x4 Core/Src/system_stm32l4xx.o
                0x0000000020000000                SystemCoreClock
 .data.uwTickPrio
                0x0000000020000004        0x4 Drivers/STM32L4xx_HAL_Driver/Src/stm32l4xx_hal.o
                0x0000000020000004                uwTickPrio
 .data.uwTickFreq
                0x0000000020000008        0x1 Drivers/STM32L4xx_HAL_Driver/Src/stm32l4xx_hal.o
                0x0000000020000008                uwTickFreq
 *fill*         0x0000000020000009        0x3 
 .data.uxCriticalNesting
                0x000000002000000c        0x4 Middlewares/Third_Party/FreeRTOS/Source/portable/GCC/ARM_CM4F/port.o
                0x0000000020000010                . = ALIGN (0x4)
                0x0000000020000010                _edata = .

.igot.plt       0x0000000020000010        0x0 load address 0x000000000800a4d4
 .igot.plt      0x0000000020000010        0x0 c:/st/stm32cubeide_1.4.0/stm32cubeide/plugins/com.st.stm32cube.ide.mcu.externaltools.gnu-tools-for-stm32.7-2018-q2-update.win32_1.4.0.202007081208/tools/bin/../lib/gcc/arm-none-eabi/7.3.1/thumb/v7e-m/fpv4-sp/hard/crtbegin.o
                0x0000000020000010                . = ALIGN (0x4)

.bss            0x0000000020000010     0x2138 load address 0x000000000800a4d4
                0x0000000020000010                _sbss = .
                0x0000000020000010                __bss_start__ = _sbss
 *(.bss)
 .bss           0x0000000020000010       0x1c c:/st/stm32cubeide_1.4.0/stm32cubeide/plugins/com.st.stm32cube.ide.mcu.externaltools.gnu-tools-for-stm32.7-2018-q2-update.win32_1.4.0.202007081208/tools/bin/../lib/gcc/arm-none-eabi/7.3.1/thumb/v7e-m/fpv4-sp/hard/crtbegin.o
 *(.bss*)
 .bss.KernelState
                0x000000002000002c        0x4 Middlewares/Third_Party/FreeRTOS/Source/CMSIS_RTOS_V2/cmsis_os2.o
 .bss.Idle_TCB  0x0000000020000030       0x5c Middlewares/Third_Party/FreeRTOS/Source/CMSIS_RTOS_V2/cmsis_os2.o
 .bss.Idle_Stack
                0x000000002000008c      0x200 Middlewares/Third_Party/FreeRTOS/Source/CMSIS_RTOS_V2/cmsis_os2.o
 .bss.Timer_TCB
                0x000000002000028c       0x5c Middlewares/Third_Party/FreeRTOS/Source/CMSIS_RTOS_V2/cmsis_os2.o
 .bss.Timer_Stack
                0x00000000200002e8      0x400 Middlewares/Third_Party/FreeRTOS/Source/CMSIS_RTOS_V2/cmsis_os2.o
 .bss.pxCurrentTCB
                0x00000000200006e8        0x4 Middlewares/Third_Party/FreeRTOS/Source/tasks.o
                0x00000000200006e8                pxCurrentTCB
 .bss.pxReadyTasksLists
                0x00000000200006ec      0x460 Middlewares/Third_Party/FreeRTOS/Source/tasks.o
 .bss.xDelayedTaskList1
                0x0000000020000b4c       0x14 Middlewares/Third_Party/FreeRTOS/Source/tasks.o
 .bss.xDelayedTaskList2
                0x0000000020000b60       0x14 Middlewares/Third_Party/FreeRTOS/Source/tasks.o
 .bss.pxDelayedTaskList
                0x0000000020000b74        0x4 Middlewares/Third_Party/FreeRTOS/Source/tasks.o
 .bss.pxOverflowDelayedTaskList
                0x0000000020000b78        0x4 Middlewares/Third_Party/FreeRTOS/Source/tasks.o
 .bss.xPendingReadyList
                0x0000000020000b7c       0x14 Middlewares/Third_Party/FreeRTOS/Source/tasks.o
 .bss.xTasksWaitingTermination
                0x0000000020000b90       0x14 Middlewares/Third_Party/FreeRTOS/Source/tasks.o
 .bss.uxDeletedTasksWaitingCleanUp
                0x0000000020000ba4        0x4 Middlewares/Third_Party/FreeRTOS/Source/tasks.o
 .bss.xSuspendedTaskList
                0x0000000020000ba8       0x14 Middlewares/Third_Party/FreeRTOS/Source/tasks.o
 .bss.uxCurrentNumberOfTasks
                0x0000000020000bbc        0x4 Middlewares/Third_Party/FreeRTOS/Source/tasks.o
 .bss.xTickCount
                0x0000000020000bc0        0x4 Middlewares/Third_Party/FreeRTOS/Source/tasks.o
 .bss.uxTopReadyPriority
                0x0000000020000bc4        0x4 Middlewares/Third_Party/FreeRTOS/Source/tasks.o
 .bss.xSchedulerRunning
                0x0000000020000bc8        0x4 Middlewares/Third_Party/FreeRTOS/Source/tasks.o
 .bss.uxPendedTicks
                0x0000000020000bcc        0x4 Middlewares/Third_Party/FreeRTOS/Source/tasks.o
 .bss.xYieldPending
                0x0000000020000bd0        0x4 Middlewares/Third_Party/FreeRTOS/Source/tasks.o
 .bss.xNumOfOverflows
                0x0000000020000bd4        0x4 Middlewares/Third_Party/FreeRTOS/Source/tasks.o
 .bss.uxTaskNumber
                0x0000000020000bd8        0x4 Middlewares/Third_Party/FreeRTOS/Source/tasks.o
 .bss.xNextTaskUnblockTime
                0x0000000020000bdc        0x4 Middlewares/Third_Party/FreeRTOS/Source/tasks.o
 .bss.xIdleTaskHandle
                0x0000000020000be0        0x4 Middlewares/Third_Party/FreeRTOS/Source/tasks.o
 .bss.uxSchedulerSuspended
                0x0000000020000be4        0x4 Middlewares/Third_Party/FreeRTOS/Source/tasks.o
 .bss.xActiveTimerList1
                0x0000000020000be8       0x14 Middlewares/Third_Party/FreeRTOS/Source/timers.o
 .bss.xActiveTimerList2
                0x0000000020000bfc       0x14 Middlewares/Third_Party/FreeRTOS/Source/timers.o
 .bss.pxCurrentTimerList
                0x0000000020000c10        0x4 Middlewares/Third_Party/FreeRTOS/Source/timers.o
 .bss.pxOverflowTimerList
                0x0000000020000c14        0x4 Middlewares/Third_Party/FreeRTOS/Source/timers.o
 .bss.xTimerQueue
                0x0000000020000c18        0x4 Middlewares/Third_Party/FreeRTOS/Source/timers.o
 .bss.xTimerTaskHandle
                0x0000000020000c1c        0x4 Middlewares/Third_Party/FreeRTOS/Source/timers.o
 .bss.xLastTime.6741
                0x0000000020000c20        0x4 Middlewares/Third_Party/FreeRTOS/Source/timers.o
 .bss.ucStaticTimerQueueStorage.6792
                0x0000000020000c24       0xa0 Middlewares/Third_Party/FreeRTOS/Source/timers.o
 .bss.xStaticTimerQueue.6791
                0x0000000020000cc4       0x50 Middlewares/Third_Party/FreeRTOS/Source/timers.o
 .bss.ucMaxSysCallPriority
                0x0000000020000d14        0x1 Middlewares/Third_Party/FreeRTOS/Source/portable/GCC/ARM_CM4F/port.o
 *fill*         0x0000000020000d15        0x3 
 .bss.ulMaxPRIGROUPValue
                0x0000000020000d18        0x4 Middlewares/Third_Party/FreeRTOS/Source/portable/GCC/ARM_CM4F/port.o
 .bss.ucHeap    0x0000000020000d1c      0xbb8 Middlewares/Third_Party/FreeRTOS/Source/portable/MemMang/heap_4.o
 .bss.xStart    0x00000000200018d4        0x8 Middlewares/Third_Party/FreeRTOS/Source/portable/MemMang/heap_4.o
 .bss.pxEnd     0x00000000200018dc        0x4 Middlewares/Third_Party/FreeRTOS/Source/portable/MemMang/heap_4.o
 .bss.xFreeBytesRemaining
                0x00000000200018e0        0x4 Middlewares/Third_Party/FreeRTOS/Source/portable/MemMang/heap_4.o
 .bss.xMinimumEverFreeBytesRemaining
                0x00000000200018e4        0x4 Middlewares/Third_Party/FreeRTOS/Source/portable/MemMang/heap_4.o
 .bss.xBlockAllocatedBit
                0x00000000200018e8        0x4 Middlewares/Third_Party/FreeRTOS/Source/portable/MemMang/heap_4.o
 *(COMMON)
 *fill*         0x00000000200018ec        0x4 
 COMMON         0x00000000200018f0       0x90 Core/Src/hcSensor.o
                0x00000000200018f0                distanceCenter
                0x00000000200018f8                waitOnFallingEdge
                0x0000000020001900                distance
                0x0000000020001908                distanceLeft
                0x0000000020001910                valueFallingEdge
                0x0000000020001918                htim1
                0x0000000020001968                valueRisingEdge
                0x0000000020001970                distanceRight
                0x0000000020001978                measureTime
 COMMON         0x0000000020001980        0x4 Core/Src/lcd.o
                0x0000000020001980                j
                0x0000000020001981                col
                0x0000000020001982                dotOrNot
                0x0000000020001983                row
 *fill*         0x0000000020001984        0x4 
 COMMON         0x0000000020001988      0x730 Core/Src/main.o
                0x0000000020001988                mesRight
                0x0000000020001990                lcd
                0x00000000200019f8                huart3
                0x0000000020001a84                uart_buf_len
                0x0000000020001a88                hpcd_USB_OTG_FS
                0x0000000020001e90                lvl
                0x0000000020001e98                mesCenter
                0x0000000020001ea0                uart_buf
                0x0000000020001f04                hlpuart1
                0x0000000020001f90                HCSR04_fthirdHandle
                0x0000000020001f94                huart1
                0x0000000020002020                tmp_mesLeft
                0x0000000020002028                tmp_mesCenter
                0x0000000020002030                begin
                0x0000000020002034                HCSR04_firstHandle
                0x0000000020002038                mesLeft
                0x0000000020002040                hspi1
                0x00000000200020a4                HCSR04_secondHandle
                0x00000000200020a8                LCD_buzzerHandle
                0x00000000200020b0                tmp_mesRight
 COMMON         0x00000000200020b8       0x4c Core/Src/stm32l4xx_hal_timebase_tim.o
                0x00000000200020b8                htim6
 COMMON         0x0000000020002104        0x4 Drivers/STM32L4xx_HAL_Driver/Src/stm32l4xx_hal.o
                0x0000000020002104                uwTick
 COMMON         0x0000000020002108       0x40 Middlewares/Third_Party/FreeRTOS/Source/queue.o
                0x0000000020002108                xQueueRegistry
                0x0000000020002148                . = ALIGN (0x4)
                0x0000000020002148                _ebss = .
                0x0000000020002148                __bss_end__ = _ebss

._user_heap_stack
                0x0000000020002148      0x600 load address 0x000000000800a4d4
                0x0000000020002148                . = ALIGN (0x8)
                [!provide]                        PROVIDE (end = .)
                0x0000000020002148                PROVIDE (_end = .)
                0x0000000020002348                . = (. + _Min_Heap_Size)
 *fill*         0x0000000020002148      0x200 
                0x0000000020002748                . = (. + _Min_Stack_Size)
 *fill*         0x0000000020002348      0x400 
                0x0000000020002748                . = ALIGN (0x8)

/DISCARD/
 libc.a(*)
 libm.a(*)
 libgcc.a(*)

.ARM.attributes
                0x0000000000000000       0x30
 *(.ARM.attributes)
 .ARM.attributes
                0x0000000000000000       0x22 c:/st/stm32cubeide_1.4.0/stm32cubeide/plugins/com.st.stm32cube.ide.mcu.externaltools.gnu-tools-for-stm32.7-2018-q2-update.win32_1.4.0.202007081208/tools/bin/../lib/gcc/arm-none-eabi/7.3.1/thumb/v7e-m/fpv4-sp/hard/crti.o
 .ARM.attributes
                0x0000000000000022       0x34 c:/st/stm32cubeide_1.4.0/stm32cubeide/plugins/com.st.stm32cube.ide.mcu.externaltools.gnu-tools-for-stm32.7-2018-q2-update.win32_1.4.0.202007081208/tools/bin/../lib/gcc/arm-none-eabi/7.3.1/thumb/v7e-m/fpv4-sp/hard/crtbegin.o
 .ARM.attributes
                0x0000000000000056       0x39 Core/Src/hcSensor.o
 .ARM.attributes
                0x000000000000008f       0x39 Core/Src/lcd.o
 .ARM.attributes
                0x00000000000000c8       0x39 Core/Src/main.o
 .ARM.attributes
                0x0000000000000101       0x39 Core/Src/stm32l4xx_hal_msp.o
 .ARM.attributes
                0x000000000000013a       0x39 Core/Src/stm32l4xx_hal_timebase_tim.o
 .ARM.attributes
                0x0000000000000173       0x39 Core/Src/stm32l4xx_it.o
 .ARM.attributes
                0x00000000000001ac       0x39 Core/Src/system_stm32l4xx.o
 .ARM.attributes
                0x00000000000001e5       0x21 Core/Startup/startup_stm32l4r5zitx.o
 .ARM.attributes
                0x0000000000000206       0x39 Drivers/STM32L4xx_HAL_Driver/Src/stm32l4xx_hal.o
 .ARM.attributes
                0x000000000000023f       0x39 Drivers/STM32L4xx_HAL_Driver/Src/stm32l4xx_hal_cortex.o
 .ARM.attributes
                0x0000000000000278       0x39 Drivers/STM32L4xx_HAL_Driver/Src/stm32l4xx_hal_gpio.o
 .ARM.attributes
                0x00000000000002b1       0x39 Drivers/STM32L4xx_HAL_Driver/Src/stm32l4xx_hal_pcd.o
 .ARM.attributes
                0x00000000000002ea       0x39 Drivers/STM32L4xx_HAL_Driver/Src/stm32l4xx_hal_pcd_ex.o
 .ARM.attributes
                0x0000000000000323       0x39 Drivers/STM32L4xx_HAL_Driver/Src/stm32l4xx_hal_pwr_ex.o
 .ARM.attributes
                0x000000000000035c       0x39 Drivers/STM32L4xx_HAL_Driver/Src/stm32l4xx_hal_rcc.o
 .ARM.attributes
                0x0000000000000395       0x39 Drivers/STM32L4xx_HAL_Driver/Src/stm32l4xx_hal_rcc_ex.o
 .ARM.attributes
                0x00000000000003ce       0x39 Drivers/STM32L4xx_HAL_Driver/Src/stm32l4xx_hal_spi.o
 .ARM.attributes
                0x0000000000000407       0x39 Drivers/STM32L4xx_HAL_Driver/Src/stm32l4xx_hal_tim.o
 .ARM.attributes
                0x0000000000000440       0x39 Drivers/STM32L4xx_HAL_Driver/Src/stm32l4xx_hal_tim_ex.o
 .ARM.attributes
                0x0000000000000479       0x39 Drivers/STM32L4xx_HAL_Driver/Src/stm32l4xx_hal_uart.o
 .ARM.attributes
                0x00000000000004b2       0x39 Drivers/STM32L4xx_HAL_Driver/Src/stm32l4xx_hal_uart_ex.o
 .ARM.attributes
                0x00000000000004eb       0x39 Drivers/STM32L4xx_HAL_Driver/Src/stm32l4xx_ll_usb.o
 .ARM.attributes
                0x0000000000000524       0x39 Middlewares/Third_Party/FreeRTOS/Source/CMSIS_RTOS_V2/cmsis_os2.o
 .ARM.attributes
                0x000000000000055d       0x39 Middlewares/Third_Party/FreeRTOS/Source/list.o
 .ARM.attributes
                0x0000000000000596       0x39 Middlewares/Third_Party/FreeRTOS/Source/queue.o
 .ARM.attributes
                0x00000000000005cf       0x39 Middlewares/Third_Party/FreeRTOS/Source/tasks.o
 .ARM.attributes
                0x0000000000000608       0x39 Middlewares/Third_Party/FreeRTOS/Source/timers.o
 .ARM.attributes
                0x0000000000000641       0x39 Middlewares/Third_Party/FreeRTOS/Source/portable/GCC/ARM_CM4F/port.o
 .ARM.attributes
                0x000000000000067a       0x39 Middlewares/Third_Party/FreeRTOS/Source/portable/MemMang/heap_4.o
 .ARM.attributes
                0x00000000000006b3       0x34 c:/st/stm32cubeide_1.4.0/stm32cubeide/plugins/com.st.stm32cube.ide.mcu.externaltools.gnu-tools-for-stm32.7-2018-q2-update.win32_1.4.0.202007081208/tools/bin/../lib/gcc/arm-none-eabi/7.3.1/../../../../arm-none-eabi/lib/thumb/v7e-m/fpv4-sp/hard\libc_nano.a(lib_a-init.o)
 .ARM.attributes
                0x00000000000006e7       0x34 c:/st/stm32cubeide_1.4.0/stm32cubeide/plugins/com.st.stm32cube.ide.mcu.externaltools.gnu-tools-for-stm32.7-2018-q2-update.win32_1.4.0.202007081208/tools/bin/../lib/gcc/arm-none-eabi/7.3.1/../../../../arm-none-eabi/lib/thumb/v7e-m/fpv4-sp/hard\libc_nano.a(lib_a-memcpy-stub.o)
 .ARM.attributes
                0x000000000000071b       0x34 c:/st/stm32cubeide_1.4.0/stm32cubeide/plugins/com.st.stm32cube.ide.mcu.externaltools.gnu-tools-for-stm32.7-2018-q2-update.win32_1.4.0.202007081208/tools/bin/../lib/gcc/arm-none-eabi/7.3.1/../../../../arm-none-eabi/lib/thumb/v7e-m/fpv4-sp/hard\libc_nano.a(lib_a-memset.o)
 .ARM.attributes
                0x000000000000074f       0x1b c:/st/stm32cubeide_1.4.0/stm32cubeide/plugins/com.st.stm32cube.ide.mcu.externaltools.gnu-tools-for-stm32.7-2018-q2-update.win32_1.4.0.202007081208/tools/bin/../lib/gcc/arm-none-eabi/7.3.1/../../../../arm-none-eabi/lib/thumb/v7e-m/fpv4-sp/hard\libc_nano.a(lib_a-strlen.o)
 .ARM.attributes
                0x000000000000076a       0x22 c:/st/stm32cubeide_1.4.0/stm32cubeide/plugins/com.st.stm32cube.ide.mcu.externaltools.gnu-tools-for-stm32.7-2018-q2-update.win32_1.4.0.202007081208/tools/bin/../lib/gcc/arm-none-eabi/7.3.1/thumb/v7e-m/fpv4-sp/hard\libgcc.a(_arm_addsubsf3.o)
 .ARM.attributes
                0x000000000000078c       0x22 c:/st/stm32cubeide_1.4.0/stm32cubeide/plugins/com.st.stm32cube.ide.mcu.externaltools.gnu-tools-for-stm32.7-2018-q2-update.win32_1.4.0.202007081208/tools/bin/../lib/gcc/arm-none-eabi/7.3.1/thumb/v7e-m/fpv4-sp/hard\libgcc.a(_aeabi_uldivmod.o)
 .ARM.attributes
                0x00000000000007ae       0x34 c:/st/stm32cubeide_1.4.0/stm32cubeide/plugins/com.st.stm32cube.ide.mcu.externaltools.gnu-tools-for-stm32.7-2018-q2-update.win32_1.4.0.202007081208/tools/bin/../lib/gcc/arm-none-eabi/7.3.1/thumb/v7e-m/fpv4-sp/hard\libgcc.a(_fixunssfdi.o)
 .ARM.attributes
                0x00000000000007e2       0x34 c:/st/stm32cubeide_1.4.0/stm32cubeide/plugins/com.st.stm32cube.ide.mcu.externaltools.gnu-tools-for-stm32.7-2018-q2-update.win32_1.4.0.202007081208/tools/bin/../lib/gcc/arm-none-eabi/7.3.1/thumb/v7e-m/fpv4-sp/hard\libgcc.a(_udivmoddi4.o)
 .ARM.attributes
                0x0000000000000816       0x22 c:/st/stm32cubeide_1.4.0/stm32cubeide/plugins/com.st.stm32cube.ide.mcu.externaltools.gnu-tools-for-stm32.7-2018-q2-update.win32_1.4.0.202007081208/tools/bin/../lib/gcc/arm-none-eabi/7.3.1/thumb/v7e-m/fpv4-sp/hard\libgcc.a(_dvmd_tls.o)
 .ARM.attributes
                0x0000000000000838       0x22 c:/st/stm32cubeide_1.4.0/stm32cubeide/plugins/com.st.stm32cube.ide.mcu.externaltools.gnu-tools-for-stm32.7-2018-q2-update.win32_1.4.0.202007081208/tools/bin/../lib/gcc/arm-none-eabi/7.3.1/thumb/v7e-m/fpv4-sp/hard\libgcc.a(_arm_addsubdf3.o)
 .ARM.attributes
                0x000000000000085a       0x22 c:/st/stm32cubeide_1.4.0/stm32cubeide/plugins/com.st.stm32cube.ide.mcu.externaltools.gnu-tools-for-stm32.7-2018-q2-update.win32_1.4.0.202007081208/tools/bin/../lib/gcc/arm-none-eabi/7.3.1/thumb/v7e-m/fpv4-sp/hard\libgcc.a(_arm_muldivdf3.o)
 .ARM.attributes
                0x000000000000087c       0x22 c:/st/stm32cubeide_1.4.0/stm32cubeide/plugins/com.st.stm32cube.ide.mcu.externaltools.gnu-tools-for-stm32.7-2018-q2-update.win32_1.4.0.202007081208/tools/bin/../lib/gcc/arm-none-eabi/7.3.1/thumb/v7e-m/fpv4-sp/hard\libgcc.a(_arm_fixunsdfsi.o)
 .ARM.attributes
                0x000000000000089e       0x22 c:/st/stm32cubeide_1.4.0/stm32cubeide/plugins/com.st.stm32cube.ide.mcu.externaltools.gnu-tools-for-stm32.7-2018-q2-update.win32_1.4.0.202007081208/tools/bin/../lib/gcc/arm-none-eabi/7.3.1/thumb/v7e-m/fpv4-sp/hard/crtn.o
OUTPUT(hc_sr04_v2.elf elf32-littlearm)

.debug_info     0x0000000000000000    0x2595d
 .debug_info    0x0000000000000000      0xb7e Core/Src/hcSensor.o
 .debug_info    0x0000000000000b7e     0x12ad Core/Src/lcd.o
 .debug_info    0x0000000000001e2b     0x2b02 Core/Src/main.o
 .debug_info    0x000000000000492d     0x1bf8 Core/Src/stm32l4xx_hal_msp.o
 .debug_info    0x0000000000006525      0xeff Core/Src/stm32l4xx_hal_timebase_tim.o
 .debug_info    0x0000000000007424      0x9fc Core/Src/stm32l4xx_it.o
 .debug_info    0x0000000000007e20      0x797 Core/Src/system_stm32l4xx.o
 .debug_info    0x00000000000085b7       0x22 Core/Startup/startup_stm32l4r5zitx.o
 .debug_info    0x00000000000085d9      0xcb5 Drivers/STM32L4xx_HAL_Driver/Src/stm32l4xx_hal.o
 .debug_info    0x000000000000928e      0xfc1 Drivers/STM32L4xx_HAL_Driver/Src/stm32l4xx_hal_cortex.o
 .debug_info    0x000000000000a24f      0xa1c Drivers/STM32L4xx_HAL_Driver/Src/stm32l4xx_hal_gpio.o
 .debug_info    0x000000000000ac6b     0x12e7 Drivers/STM32L4xx_HAL_Driver/Src/stm32l4xx_hal_pcd.o
 .debug_info    0x000000000000bf52      0xa2c Drivers/STM32L4xx_HAL_Driver/Src/stm32l4xx_hal_pcd_ex.o
 .debug_info    0x000000000000c97e      0xbfd Drivers/STM32L4xx_HAL_Driver/Src/stm32l4xx_hal_pwr_ex.o
 .debug_info    0x000000000000d57b      0xe70 Drivers/STM32L4xx_HAL_Driver/Src/stm32l4xx_hal_rcc.o
 .debug_info    0x000000000000e3eb     0x1293 Drivers/STM32L4xx_HAL_Driver/Src/stm32l4xx_hal_rcc_ex.o
 .debug_info    0x000000000000f67e     0x18b9 Drivers/STM32L4xx_HAL_Driver/Src/stm32l4xx_hal_spi.o
 .debug_info    0x0000000000010f37     0x2b8d Drivers/STM32L4xx_HAL_Driver/Src/stm32l4xx_hal_tim.o
 .debug_info    0x0000000000013ac4     0x17aa Drivers/STM32L4xx_HAL_Driver/Src/stm32l4xx_hal_tim_ex.o
 .debug_info    0x000000000001526e     0x1b35 Drivers/STM32L4xx_HAL_Driver/Src/stm32l4xx_hal_uart.o
 .debug_info    0x0000000000016da3      0xd2a Drivers/STM32L4xx_HAL_Driver/Src/stm32l4xx_hal_uart_ex.o
 .debug_info    0x0000000000017acd     0x1a6c Drivers/STM32L4xx_HAL_Driver/Src/stm32l4xx_ll_usb.o
 .debug_info    0x0000000000019539     0x4021 Middlewares/Third_Party/FreeRTOS/Source/CMSIS_RTOS_V2/cmsis_os2.o
 .debug_info    0x000000000001d55a      0xacb Middlewares/Third_Party/FreeRTOS/Source/list.o
 .debug_info    0x000000000001e025     0x239c Middlewares/Third_Party/FreeRTOS/Source/queue.o
 .debug_info    0x00000000000203c1     0x29c5 Middlewares/Third_Party/FreeRTOS/Source/tasks.o
 .debug_info    0x0000000000022d86     0x1aba Middlewares/Third_Party/FreeRTOS/Source/timers.o
 .debug_info    0x0000000000024840      0x533 Middlewares/Third_Party/FreeRTOS/Source/portable/GCC/ARM_CM4F/port.o
 .debug_info    0x0000000000024d73      0xbea Middlewares/Third_Party/FreeRTOS/Source/portable/MemMang/heap_4.o

.debug_abbrev   0x0000000000000000     0x3f69
 .debug_abbrev  0x0000000000000000      0x1a5 Core/Src/hcSensor.o
 .debug_abbrev  0x00000000000001a5      0x24f Core/Src/lcd.o
 .debug_abbrev  0x00000000000003f4      0x2cd Core/Src/main.o
 .debug_abbrev  0x00000000000006c1      0x216 Core/Src/stm32l4xx_hal_msp.o
 .debug_abbrev  0x00000000000008d7      0x19d Core/Src/stm32l4xx_hal_timebase_tim.o
 .debug_abbrev  0x0000000000000a74      0x15a Core/Src/stm32l4xx_it.o
 .debug_abbrev  0x0000000000000bce      0x150 Core/Src/system_stm32l4xx.o
 .debug_abbrev  0x0000000000000d1e       0x12 Core/Startup/startup_stm32l4r5zitx.o
 .debug_abbrev  0x0000000000000d30      0x1fb Drivers/STM32L4xx_HAL_Driver/Src/stm32l4xx_hal.o
 .debug_abbrev  0x0000000000000f2b      0x2fa Drivers/STM32L4xx_HAL_Driver/Src/stm32l4xx_hal_cortex.o
 .debug_abbrev  0x0000000000001225      0x1c0 Drivers/STM32L4xx_HAL_Driver/Src/stm32l4xx_hal_gpio.o
 .debug_abbrev  0x00000000000013e5      0x266 Drivers/STM32L4xx_HAL_Driver/Src/stm32l4xx_hal_pcd.o
 .debug_abbrev  0x000000000000164b      0x214 Drivers/STM32L4xx_HAL_Driver/Src/stm32l4xx_hal_pcd_ex.o
 .debug_abbrev  0x000000000000185f      0x1cb Drivers/STM32L4xx_HAL_Driver/Src/stm32l4xx_hal_pwr_ex.o
 .debug_abbrev  0x0000000000001a2a      0x27b Drivers/STM32L4xx_HAL_Driver/Src/stm32l4xx_hal_rcc.o
 .debug_abbrev  0x0000000000001ca5      0x238 Drivers/STM32L4xx_HAL_Driver/Src/stm32l4xx_hal_rcc_ex.o
 .debug_abbrev  0x0000000000001edd      0x228 Drivers/STM32L4xx_HAL_Driver/Src/stm32l4xx_hal_spi.o
 .debug_abbrev  0x0000000000002105      0x230 Drivers/STM32L4xx_HAL_Driver/Src/stm32l4xx_hal_tim.o
 .debug_abbrev  0x0000000000002335      0x236 Drivers/STM32L4xx_HAL_Driver/Src/stm32l4xx_hal_tim_ex.o
 .debug_abbrev  0x000000000000256b      0x212 Drivers/STM32L4xx_HAL_Driver/Src/stm32l4xx_hal_uart.o
 .debug_abbrev  0x000000000000277d      0x1e2 Drivers/STM32L4xx_HAL_Driver/Src/stm32l4xx_hal_uart_ex.o
 .debug_abbrev  0x000000000000295f      0x26d Drivers/STM32L4xx_HAL_Driver/Src/stm32l4xx_ll_usb.o
 .debug_abbrev  0x0000000000002bcc      0x3c3 Middlewares/Third_Party/FreeRTOS/Source/CMSIS_RTOS_V2/cmsis_os2.o
 .debug_abbrev  0x0000000000002f8f      0x1cf Middlewares/Third_Party/FreeRTOS/Source/list.o
 .debug_abbrev  0x000000000000315e      0x336 Middlewares/Third_Party/FreeRTOS/Source/queue.o
 .debug_abbrev  0x0000000000003494      0x350 Middlewares/Third_Party/FreeRTOS/Source/tasks.o
 .debug_abbrev  0x00000000000037e4      0x2d7 Middlewares/Third_Party/FreeRTOS/Source/timers.o
 .debug_abbrev  0x0000000000003abb      0x210 Middlewares/Third_Party/FreeRTOS/Source/portable/GCC/ARM_CM4F/port.o
 .debug_abbrev  0x0000000000003ccb      0x29e Middlewares/Third_Party/FreeRTOS/Source/portable/MemMang/heap_4.o

.debug_aranges  0x0000000000000000     0x1ce0
 .debug_aranges
                0x0000000000000000       0x40 Core/Src/hcSensor.o
 .debug_aranges
                0x0000000000000040       0xa8 Core/Src/lcd.o
 .debug_aranges
                0x00000000000000e8       0x88 Core/Src/main.o
 .debug_aranges
                0x0000000000000170       0x60 Core/Src/stm32l4xx_hal_msp.o
 .debug_aranges
                0x00000000000001d0       0x30 Core/Src/stm32l4xx_hal_timebase_tim.o
 .debug_aranges
                0x0000000000000200       0x58 Core/Src/stm32l4xx_it.o
 .debug_aranges
                0x0000000000000258       0x28 Core/Src/system_stm32l4xx.o
 .debug_aranges
                0x0000000000000280       0x28 Core/Startup/startup_stm32l4r5zitx.o
 .debug_aranges
                0x00000000000002a8      0x130 Drivers/STM32L4xx_HAL_Driver/Src/stm32l4xx_hal.o
 .debug_aranges
                0x00000000000003d8      0x118 Drivers/STM32L4xx_HAL_Driver/Src/stm32l4xx_hal_cortex.o
 .debug_aranges
                0x00000000000004f0       0x58 Drivers/STM32L4xx_HAL_Driver/Src/stm32l4xx_hal_gpio.o
 .debug_aranges
                0x0000000000000548      0x130 Drivers/STM32L4xx_HAL_Driver/Src/stm32l4xx_hal_pcd.o
 .debug_aranges
                0x0000000000000678       0x60 Drivers/STM32L4xx_HAL_Driver/Src/stm32l4xx_hal_pcd_ex.o
 .debug_aranges
                0x00000000000006d8      0x170 Drivers/STM32L4xx_HAL_Driver/Src/stm32l4xx_hal_pwr_ex.o
 .debug_aranges
                0x0000000000000848       0x90 Drivers/STM32L4xx_HAL_Driver/Src/stm32l4xx_hal_rcc.o
 .debug_aranges
                0x00000000000008d8      0x110 Drivers/STM32L4xx_HAL_Driver/Src/stm32l4xx_hal_rcc_ex.o
 .debug_aranges
                0x00000000000009e8      0x1d8 Drivers/STM32L4xx_HAL_Driver/Src/stm32l4xx_hal_spi.o
 .debug_aranges
                0x0000000000000bc0      0x3e0 Drivers/STM32L4xx_HAL_Driver/Src/stm32l4xx_hal_tim.o
 .debug_aranges
                0x0000000000000fa0      0x180 Drivers/STM32L4xx_HAL_Driver/Src/stm32l4xx_hal_tim_ex.o
 .debug_aranges
                0x0000000000001120      0x230 Drivers/STM32L4xx_HAL_Driver/Src/stm32l4xx_hal_uart.o
 .debug_aranges
                0x0000000000001350       0x88 Drivers/STM32L4xx_HAL_Driver/Src/stm32l4xx_hal_uart_ex.o
 .debug_aranges
                0x00000000000013d8      0x198 Drivers/STM32L4xx_HAL_Driver/Src/stm32l4xx_ll_usb.o
 .debug_aranges
                0x0000000000001570      0x228 Middlewares/Third_Party/FreeRTOS/Source/CMSIS_RTOS_V2/cmsis_os2.o
 .debug_aranges
                0x0000000000001798       0x40 Middlewares/Third_Party/FreeRTOS/Source/list.o
 .debug_aranges
                0x00000000000017d8      0x158 Middlewares/Third_Party/FreeRTOS/Source/queue.o
 .debug_aranges
                0x0000000000001930      0x1f8 Middlewares/Third_Party/FreeRTOS/Source/tasks.o
 .debug_aranges
                0x0000000000001b28       0xe8 Middlewares/Third_Party/FreeRTOS/Source/timers.o
 .debug_aranges
                0x0000000000001c10       0x80 Middlewares/Third_Party/FreeRTOS/Source/portable/GCC/ARM_CM4F/port.o
 .debug_aranges
                0x0000000000001c90       0x50 Middlewares/Third_Party/FreeRTOS/Source/portable/MemMang/heap_4.o

.debug_ranges   0x0000000000000000     0x1b18
 .debug_ranges  0x0000000000000000       0x30 Core/Src/hcSensor.o
 .debug_ranges  0x0000000000000030       0x98 Core/Src/lcd.o
 .debug_ranges  0x00000000000000c8       0x78 Core/Src/main.o
 .debug_ranges  0x0000000000000140       0x50 Core/Src/stm32l4xx_hal_msp.o
 .debug_ranges  0x0000000000000190       0x20 Core/Src/stm32l4xx_hal_timebase_tim.o
 .debug_ranges  0x00000000000001b0       0x48 Core/Src/stm32l4xx_it.o
 .debug_ranges  0x00000000000001f8       0x18 Core/Src/system_stm32l4xx.o
 .debug_ranges  0x0000000000000210       0x20 Core/Startup/startup_stm32l4r5zitx.o
 .debug_ranges  0x0000000000000230      0x120 Drivers/STM32L4xx_HAL_Driver/Src/stm32l4xx_hal.o
 .debug_ranges  0x0000000000000350      0x108 Drivers/STM32L4xx_HAL_Driver/Src/stm32l4xx_hal_cortex.o
 .debug_ranges  0x0000000000000458       0x48 Drivers/STM32L4xx_HAL_Driver/Src/stm32l4xx_hal_gpio.o
 .debug_ranges  0x00000000000004a0      0x120 Drivers/STM32L4xx_HAL_Driver/Src/stm32l4xx_hal_pcd.o
 .debug_ranges  0x00000000000005c0       0x50 Drivers/STM32L4xx_HAL_Driver/Src/stm32l4xx_hal_pcd_ex.o
 .debug_ranges  0x0000000000000610      0x160 Drivers/STM32L4xx_HAL_Driver/Src/stm32l4xx_hal_pwr_ex.o
 .debug_ranges  0x0000000000000770       0x80 Drivers/STM32L4xx_HAL_Driver/Src/stm32l4xx_hal_rcc.o
 .debug_ranges  0x00000000000007f0      0x100 Drivers/STM32L4xx_HAL_Driver/Src/stm32l4xx_hal_rcc_ex.o
 .debug_ranges  0x00000000000008f0      0x1c8 Drivers/STM32L4xx_HAL_Driver/Src/stm32l4xx_hal_spi.o
 .debug_ranges  0x0000000000000ab8      0x3d0 Drivers/STM32L4xx_HAL_Driver/Src/stm32l4xx_hal_tim.o
 .debug_ranges  0x0000000000000e88      0x170 Drivers/STM32L4xx_HAL_Driver/Src/stm32l4xx_hal_tim_ex.o
 .debug_ranges  0x0000000000000ff8      0x220 Drivers/STM32L4xx_HAL_Driver/Src/stm32l4xx_hal_uart.o
 .debug_ranges  0x0000000000001218       0x78 Drivers/STM32L4xx_HAL_Driver/Src/stm32l4xx_hal_uart_ex.o
 .debug_ranges  0x0000000000001290      0x188 Drivers/STM32L4xx_HAL_Driver/Src/stm32l4xx_ll_usb.o
 .debug_ranges  0x0000000000001418      0x218 Middlewares/Third_Party/FreeRTOS/Source/CMSIS_RTOS_V2/cmsis_os2.o
 .debug_ranges  0x0000000000001630       0x30 Middlewares/Third_Party/FreeRTOS/Source/list.o
 .debug_ranges  0x0000000000001660      0x148 Middlewares/Third_Party/FreeRTOS/Source/queue.o
 .debug_ranges  0x00000000000017a8      0x1e8 Middlewares/Third_Party/FreeRTOS/Source/tasks.o
 .debug_ranges  0x0000000000001990       0xd8 Middlewares/Third_Party/FreeRTOS/Source/timers.o
 .debug_ranges  0x0000000000001a68       0x70 Middlewares/Third_Party/FreeRTOS/Source/portable/GCC/ARM_CM4F/port.o
 .debug_ranges  0x0000000000001ad8       0x40 Middlewares/Third_Party/FreeRTOS/Source/portable/MemMang/heap_4.o

.debug_macro    0x0000000000000000     0x50c7
 .debug_macro   0x0000000000000000      0x2bf Core/Src/hcSensor.o
 .debug_macro   0x00000000000002bf      0x137 Core/Src/hcSensor.o
 .debug_macro   0x00000000000003f6       0x66 Core/Src/hcSensor.o
 .debug_macro   0x000000000000045c       0x74 Core/Src/hcSensor.o
 .debug_macro   0x00000000000004d0       0xdd Core/Src/hcSensor.o
 .debug_macro   0x00000000000005ad       0x28 Core/Src/hcSensor.o
 .debug_macro   0x00000000000005d5      0x2ba Core/Src/lcd.o
 .debug_macro   0x000000000000088f      0x458 Core/Src/main.o
 .debug_macro   0x0000000000000ce7       0x2e Core/Src/main.o
 .debug_macro   0x0000000000000d15       0x46 Core/Src/main.o
 .debug_macro   0x0000000000000d5b       0x18 Core/Src/main.o
 .debug_macro   0x0000000000000d73       0x3c Core/Src/main.o
 .debug_macro   0x0000000000000daf       0x34 Core/Src/main.o
 .debug_macro   0x0000000000000de3       0x16 Core/Src/main.o
 .debug_macro   0x0000000000000df9       0x35 Core/Src/main.o
 .debug_macro   0x0000000000000e2e      0x32a Core/Src/main.o
 .debug_macro   0x0000000000001158       0x10 Core/Src/main.o
 .debug_macro   0x0000000000001168       0x52 Core/Src/main.o
 .debug_macro   0x00000000000011ba       0x1f Core/Src/main.o
 .debug_macro   0x00000000000011d9       0x43 Core/Src/main.o
 .debug_macro   0x000000000000121c       0x20 Core/Src/main.o
 .debug_macro   0x000000000000123c      0x1a3 Core/Src/main.o
 .debug_macro   0x00000000000013df       0x10 Core/Src/main.o
 .debug_macro   0x00000000000013ef       0x1c Core/Src/main.o
 .debug_macro   0x000000000000140b       0x52 Core/Src/main.o