main.c:147:5:main	8	static
main.c:251:6:SystemClock_Config	248	static
main.c:315:13:MX_LPUART1_UART_Init	8	static
main.c:363:13:MX_USART3_UART_Init	8	static
main.c:411:13:MX_SPI1_Init	8	static
main.c:451:13:MX_TIM1_Init	40	static
main.c:501:13:MX_USB_OTG_FS_PCD_Init	8	static
main.c:535:13:MX_GPIO_Init	64	static
main.c:615:6:hcsr04_1	24	static
main.c:639:6:hcsr04_2	24	static
main.c:663:6:hcsr04_3	24	static
main.c:688:6:lcd_buzz	152	static
main.c:719:6:HAL_TIM_PeriodElapsedCallback	16	static
main.c:736:6:Error_Handler	4	static
